Archive member included because of file (symbol)

/opt/Freescale/KSDK_1.2.0/examples/frdmk64f/demo_apps/usb/device/hid/hhkb/bm/kds/../../../../../../../../../usb/usb_core/device/build/kds/usbd_sdk_frdmk64f_bm/debug/libusbd_bm.a(usb_hid.o)
                              ./sources/keyboard.o (USB_Class_HID_Init)
/opt/Freescale/KSDK_1.2.0/examples/frdmk64f/demo_apps/usb/device/hid/hhkb/bm/kds/../../../../../../../../../usb/usb_core/device/build/kds/usbd_sdk_frdmk64f_bm/debug/libusbd_bm.a(usb_class.o)
                              /opt/Freescale/KSDK_1.2.0/examples/frdmk64f/demo_apps/usb/device/hid/hhkb/bm/kds/../../../../../../../../../usb/usb_core/device/build/kds/usbd_sdk_frdmk64f_bm/debug/libusbd_bm.a(usb_hid.o) (USB_Class_Init)
/opt/Freescale/KSDK_1.2.0/examples/frdmk64f/demo_apps/usb/device/hid/hhkb/bm/kds/../../../../../../../../../usb/usb_core/device/build/kds/usbd_sdk_frdmk64f_bm/debug/libusbd_bm.a(usb_dev.o)
                              /opt/Freescale/KSDK_1.2.0/examples/frdmk64f/demo_apps/usb/device/hid/hhkb/bm/kds/../../../../../../../../../usb/usb_core/device/build/kds/usbd_sdk_frdmk64f_bm/debug/libusbd_bm.a(usb_class.o) (usb_device_get_status)
/opt/Freescale/KSDK_1.2.0/examples/frdmk64f/demo_apps/usb/device/hid/hhkb/bm/kds/../../../../../../../../../usb/usb_core/device/build/kds/usbd_sdk_frdmk64f_bm/debug/libusbd_bm.a(usb_framework.o)
                              /opt/Freescale/KSDK_1.2.0/examples/frdmk64f/demo_apps/usb/device/hid/hhkb/bm/kds/../../../../../../../../../usb/usb_core/device/build/kds/usbd_sdk_frdmk64f_bm/debug/libusbd_bm.a(usb_dev.o) (USB_Reset_Service)
/opt/Freescale/KSDK_1.2.0/examples/frdmk64f/demo_apps/usb/device/hid/hhkb/bm/kds/../../../../../../../../../usb/usb_core/device/build/kds/usbd_sdk_frdmk64f_bm/debug/libusbd_bm.a(usb_dev_bsp.o)
                              /opt/Freescale/KSDK_1.2.0/examples/frdmk64f/demo_apps/usb/device/hid/hhkb/bm/kds/../../../../../../../../../usb/usb_core/device/build/kds/usbd_sdk_frdmk64f_bm/debug/libusbd_bm.a(usb_dev.o) (bsp_usb_dev_init)
/opt/Freescale/KSDK_1.2.0/examples/frdmk64f/demo_apps/usb/device/hid/hhkb/bm/kds/../../../../../../../../../usb/usb_core/device/build/kds/usbd_sdk_frdmk64f_bm/debug/libusbd_bm.a(adapter_sdk.o)
                              /opt/Freescale/KSDK_1.2.0/examples/frdmk64f/demo_apps/usb/device/hid/hhkb/bm/kds/../../../../../../../../../usb/usb_core/device/build/kds/usbd_sdk_frdmk64f_bm/debug/libusbd_bm.a(usb_dev_bsp.o) (soc_get_usb_vector_number)
/opt/Freescale/KSDK_1.2.0/examples/frdmk64f/demo_apps/usb/device/hid/hhkb/bm/kds/../../../../../../../../../usb/usb_core/device/build/kds/usbd_sdk_frdmk64f_bm/debug/libusbd_bm.a(device_khci_interface.o)
                              /opt/Freescale/KSDK_1.2.0/examples/frdmk64f/demo_apps/usb/device/hid/hhkb/bm/kds/../../../../../../../../../usb/usb_core/device/build/kds/usbd_sdk_frdmk64f_bm/debug/libusbd_bm.a(usb_dev.o) (_usb_khci_dev_function_table)
/opt/Freescale/KSDK_1.2.0/examples/frdmk64f/demo_apps/usb/device/hid/hhkb/bm/kds/../../../../../../../../../usb/usb_core/device/build/kds/usbd_sdk_frdmk64f_bm/debug/libusbd_bm.a(khci_dev.o)
                              /opt/Freescale/KSDK_1.2.0/examples/frdmk64f/demo_apps/usb/device/hid/hhkb/bm/kds/../../../../../../../../../usb/usb_core/device/build/kds/usbd_sdk_frdmk64f_bm/debug/libusbd_bm.a(device_khci_interface.o) (usb_dci_khci_get_xd)
/opt/Freescale/KSDK_1.2.0/examples/frdmk64f/demo_apps/usb/device/hid/hhkb/bm/kds/../../../../../../../../../lib/ksdk_platform_lib/kds/K64F12/debug/libksdk_platform.a(fsl_uart_hal.o)
                              ./utilities/fsl_debug_console.o (UART_HAL_SetBaudRate)
/opt/Freescale/KSDK_1.2.0/examples/frdmk64f/demo_apps/usb/device/hid/hhkb/bm/kds/../../../../../../../../../lib/ksdk_platform_lib/kds/K64F12/debug/libksdk_platform.a(fsl_sim_hal_MK64F12.o)
                              /opt/Freescale/KSDK_1.2.0/examples/frdmk64f/demo_apps/usb/device/hid/hhkb/bm/kds/../../../../../../../../../usb/usb_core/device/build/kds/usbd_sdk_frdmk64f_bm/debug/libusbd_bm.a(usb_dev_bsp.o) (CLOCK_HAL_SetUsbfsDiv)
/opt/Freescale/KSDK_1.2.0/examples/frdmk64f/demo_apps/usb/device/hid/hhkb/bm/kds/../../../../../../../../../lib/ksdk_platform_lib/kds/K64F12/debug/libksdk_platform.a(fsl_lptmr_driver.o)
                              ./sources/keyboard.o (LPTMR_DRV_Init)
/opt/Freescale/KSDK_1.2.0/examples/frdmk64f/demo_apps/usb/device/hid/hhkb/bm/kds/../../../../../../../../../lib/ksdk_platform_lib/kds/K64F12/debug/libksdk_platform.a(fsl_gpio_driver.o)
                              ./sources/keyboard.o (GPIO_DRV_InputPinInit)
/opt/Freescale/KSDK_1.2.0/examples/frdmk64f/demo_apps/usb/device/hid/hhkb/bm/kds/../../../../../../../../../lib/ksdk_platform_lib/kds/K64F12/debug/libksdk_platform.a(fsl_clock_MK64F12.o)
                              ./board/board.o (CLOCK_SYS_SetConfiguration)
[...]
Memory Configuration

Name             Origin             Length             Attributes
m_interrupts     0x00000000         0x00000400         xr
m_flash_config   0x00000400         0x00000010         xr
m_text           0x00000410         0x000ffbf0         xr
m_data           0x1fff0000         0x00010000         rw
m_data_2         0x20000000         0x00030000         rw
*default*        0x00000000         0xffffffff

Linker script and memory map

LOAD /opt/Freescale/KDS_3.0.0/toolchain/bin/../lib/gcc/arm-none-eabi/4.8.4/armv7e-m/fpu/crti.o
LOAD /opt/Freescale/KDS_3.0.0/toolchain/bin/../lib/gcc/arm-none-eabi/4.8.4/armv7e-m/fpu/crtbegin.o
LOAD /opt/Freescale/KDS_3.0.0/toolchain/bin/../lib/gcc/arm-none-eabi/4.8.4/../../../../arm-none-eabi/lib/armv7e-m/fpu/crt0.o
                0x00000001                __ram_vector_table__ = 0x1
                0x00001000                __stack_size__ = 0x1000
                0x00000400                __heap_size__ = 0x400
START GROUP
LOAD ./utilities/fsl_debug_console.o
LOAD ./utilities/fsl_misc_utilities.o
LOAD ./utilities/print_scan.o
LOAD ./startup/startup.o
LOAD ./startup/startup_MK64F12.o
LOAD ./startup/system_MK64F12.o
LOAD ./sources/keyboard.o
LOAD ./sources/usb_descriptor.o
LOAD ./board/board.o
LOAD ./board/gpio_pins.o
LOAD ./board/hardware_init.o
LOAD ./board/pin_mux.o
LOAD /opt/Freescale/KSDK_1.2.0/examples/frdmk64f/demo_apps/usb/device/hid/hhkb/bm/kds/../../../../../../../../../usb/usb_core/device/build/kds/usbd_sdk_frdmk64f_bm/debug/libusbd_bm.a
LOAD /opt/Freescale/KSDK_1.2.0/examples/frdmk64f/demo_apps/usb/device/hid/hhkb/bm/kds/../../../../../../../../../lib/ksdk_platform_lib/kds/K64F12/debug/libksdk_platform.a
LOAD /opt/Freescale/KDS_3.0.0/toolchain/bin/../lib/gcc/arm-none-eabi/4.8.4/../../../../arm-none-eabi/lib/armv7e-m/fpu/libm.a
LOAD /opt/Freescale/KDS_3.0.0/toolchain/bin/../lib/gcc/arm-none-eabi/4.8.4/../../../../arm-none-eabi/lib/armv7e-m/fpu/libg_s.a
LOAD /opt/Freescale/KDS_3.0.0/toolchain/bin/../lib/gcc/arm-none-eabi/4.8.4/armv7e-m/fpu/libgcc.a
LOAD /opt/Freescale/KDS_3.0.0/toolchain/bin/../lib/gcc/arm-none-eabi/4.8.4/../../../../arm-none-eabi/lib/armv7e-m/fpu/libnosys.a
END GROUP
START GROUP
LOAD /opt/Freescale/KDS_3.0.0/toolchain/bin/../lib/gcc/arm-none-eabi/4.8.4/armv7e-m/fpu/libgcc.a
LOAD /opt/Freescale/KDS_3.0.0/toolchain/bin/../lib/gcc/arm-none-eabi/4.8.4/../../../../arm-none-eabi/lib/armv7e-m/fpu/libg_s.a
LOAD /opt/Freescale/KDS_3.0.0/toolchain/bin/../lib/gcc/arm-none-eabi/4.8.4/../../../../arm-none-eabi/lib/armv7e-m/fpu/libc_s.a
END GROUP
START GROUP
LOAD /opt/Freescale/KDS_3.0.0/toolchain/bin/../lib/gcc/arm-none-eabi/4.8.4/armv7e-m/fpu/libgcc.a
LOAD /opt/Freescale/KDS_3.0.0/toolchain/bin/../lib/gcc/arm-none-eabi/4.8.4/../../../../arm-none-eabi/lib/armv7e-m/fpu/libc_s.a
END GROUP
LOAD /opt/Freescale/KDS_3.0.0/toolchain/bin/../lib/gcc/arm-none-eabi/4.8.4/armv7e-m/fpu/crtend.o
LOAD /opt/Freescale/KDS_3.0.0/toolchain/bin/../lib/gcc/arm-none-eabi/4.8.4/armv7e-m/fpu/crtn.o
                0x00000400                HEAP_SIZE = DEFINED (__heap_size__)?__heap_size__:0x400
                0x00000400                STACK_SIZE = DEFINED (__stack_size__)?__stack_size__:0x400
                0x00000000                M_VECTOR_RAM_SIZE = DEFINED (__ram_vector_table__)?0x400:0x0

.interrupts     0x00000000      0x400
                0x00000000                __VECTOR_TABLE = .
                0x00000000                . = ALIGN (0x4)
 *(.isr_vector)
 .isr_vector    0x00000000      0x400 ./startup/startup_MK64F12.o
                0x00000000                __isr_vector
                0x00000400                . = ALIGN (0x4)

.flash_config   0x00000400       0x10
                0x00000400                . = ALIGN (0x4)
 *(.FlashConfig)
 .FlashConfig   0x00000400       0x10 ./startup/startup_MK64F12.o
                0x00000410                . = ALIGN (0x4)

.text           0x00000410     0x5960
                0x00000410                . = ALIGN (0x4)
 *(.text)
 .text          0x00000410       0x54 /opt/Freescale/KDS_3.0.0/toolchain/bin/../lib/gcc/arm-none-eabi/4.8.4/armv7e-m/fpu/crtbegin.o
 .text          0x00000464       0x74 /opt/Freescale/KDS_3.0.0/toolchain/bin/../lib/gcc/arm-none-eabi/4.8.4/../../../../arm-none-eabi/lib/armv7e-m/fpu/crt0.o
                0x00000464                _mainCRTStartup
                0x00000464                _start
 .text          0x000004d8       0x14 ./startup/startup_MK64F12.o
                0x000004d8                Reset_Handler
                0x000004e8                CAN0_Rx_Warning_IRQHandler
                0x000004e8                DebugMon_Handler
                0x000004e8                I2C0_IRQHandler
                0x000004e8                HardFault_Handler
                0x000004e8                SysTick_Handler
                0x000004e8                UART3_RX_TX_IRQHandler
                0x000004e8                PendSV_Handler
                0x000004e8                NMI_Handler
                0x000004e8                UART0_RX_TX_IRQHandler
                0x000004e8                I2C1_IRQHandler
                0x000004e8                DMA2_IRQHandler
                0x000004e8                ENET_Error_IRQHandler
                0x000004e8                CAN0_Tx_Warning_IRQHandler
                0x000004e8                PIT0_IRQHandler
                0x000004e8                CAN0_ORed_Message_buffer_IRQHandler
                0x000004e8                CMP2_IRQHandler
                0x000004e8                LLWU_IRQHandler
                0x000004e8                ENET_Receive_IRQHandler
                0x000004e8                ENET_1588_Timer_IRQHandler
                0x000004e8                UART2_RX_TX_IRQHandler
                0x000004e8                SWI_IRQHandler
                0x000004e8                ADC0_IRQHandler
                0x000004e8                UsageFault_Handler
                0x000004e8                I2S0_Tx_IRQHandler
                0x000004e8                CMT_IRQHandler
                0x000004e8                UART4_RX_TX_IRQHandler
                0x000004e8                SPI1_IRQHandler
                0x000004e8                DefaultISR
                0x000004e8                DMA9_IRQHandler
                0x000004e8                DMA14_IRQHandler
                0x000004e8                CMP1_IRQHandler
                0x000004e8                Reserved71_IRQHandler
                0x000004e8                PORTD_IRQHandler
                0x000004e8                PORTB_IRQHandler
                0x000004e8                UART4_ERR_IRQHandler
                0x000004e8                ADC1_IRQHandler
                0x000004e8                I2C2_IRQHandler
                0x000004e8                PIT2_IRQHandler
                0x000004e8                I2S0_Rx_IRQHandler
                0x000004e8                DMA5_IRQHandler
                0x000004e8                RTC_IRQHandler
                0x000004e8                PDB0_IRQHandler
                0x000004e8                FTM1_IRQHandler
                0x000004e8                UART5_RX_TX_IRQHandler
                0x000004e8                UART3_ERR_IRQHandler
                0x000004e8                PIT3_IRQHandler
                0x000004e8                SDHC_IRQHandler
                0x000004e8                RTC_Seconds_IRQHandler
                0x000004e8                MCG_IRQHandler
                0x000004e8                FTFE_IRQHandler
                0x000004e8                UART2_ERR_IRQHandler
                0x000004e8                DMA11_IRQHandler
                0x000004e8                UART5_ERR_IRQHandler
                0x000004e8                Read_Collision_IRQHandler
                0x000004e8                DMA7_IRQHandler
                0x000004e8                ENET_Transmit_IRQHandler
                0x000004e8                USBDCD_IRQHandler
                0x000004e8                USB0_IRQHandler
                0x000004e8                SPI2_IRQHandler
                0x000004e8                WDOG_EWM_IRQHandler
                0x000004e8                MemManage_Handler
                0x000004e8                SVC_Handler
                0x000004e8                DMA13_IRQHandler
                0x000004e8                DMA3_IRQHandler
                0x000004e8                UART0_LON_IRQHandler
                0x000004e8                RNG_IRQHandler
                0x000004e8                DMA0_IRQHandler
                0x000004e8                DMA15_IRQHandler
                0x000004e8                DAC0_IRQHandler
                0x000004e8                CAN0_Error_IRQHandler
                0x000004e8                DMA4_IRQHandler
                0x000004e8                PIT1_IRQHandler
                0x000004e8                UART0_ERR_IRQHandler
                0x000004e8                DMA_Error_IRQHandler
                0x000004e8                LVD_LVW_IRQHandler
                0x000004e8                SPI0_IRQHandler
                0x000004e8                FTM0_IRQHandler
                0x000004e8                PORTA_IRQHandler
                0x000004e8                DAC1_IRQHandler
                0x000004e8                MCM_IRQHandler
                0x000004e8                DMA12_IRQHandler
                0x000004e8                CAN0_Bus_Off_IRQHandler
                0x000004e8                FTM3_IRQHandler
                0x000004e8                PORTE_IRQHandler
                0x000004e8                FTM2_IRQHandler
                0x000004e8                BusFault_Handler
                0x000004e8                DMA8_IRQHandler
                0x000004e8                DMA10_IRQHandler
                0x000004e8                CAN0_Wake_Up_IRQHandler
                0x000004e8                UART1_ERR_IRQHandler
                0x000004e8                UART1_RX_TX_IRQHandler
                0x000004e8                CMP0_IRQHandler
                0x000004e8                PORTC_IRQHandler
                0x000004e8                DMA6_IRQHandler
                0x000004e8                DMA1_IRQHandler
 *(.text*)
 .text.debug_putc
                0x000004ec       0x28 ./utilities/fsl_debug_console.o
 .text.DbgConsole_Init
                0x00000514       0xa8 ./utilities/fsl_debug_console.o
                0x00000514                DbgConsole_Init
 .text._write   0x000005bc       0x28 ./utilities/fsl_debug_console.o
                0x000005bc                _write
 .text._read    0x000005e4       0x20 ./utilities/fsl_debug_console.o
                0x000005e4                _read
 .text.debug_printf
                0x00000604       0x38 ./utilities/fsl_debug_console.o
                0x00000604                debug_printf
 .text._sbrk    0x0000063c       0x38 ./utilities/fsl_misc_utilities.o
                0x0000063c                _sbrk
 .text.mknumstr
                0x00000674       0x6c ./utilities/print_scan.o
 .text.fput_pad.isra.0
                0x000006e0       0x2a ./utilities/print_scan.o
 *fill*         0x0000070a        0x2 
 .text._doprint
                0x0000070c      0x3e8 ./utilities/print_scan.o
                0x0000070c                _doprint
 .text.init_data_bss
                0x00000af4       0x7c ./startup/startup.o
                0x00000af4                init_data_bss
 .text.SystemInit
                0x00000b70       0x2c ./startup/system_MK64F12.o
                0x00000b70                SystemInit
 .text.updateKeys
                0x00000b9c       0xbe ./sources/keyboard.o
                0x00000b9c                updateKeys
 *fill*         0x00000c5a        0x2 
 .text.lptmr_isr_callback
                0x00000c5c      0x1a8 ./sources/keyboard.o
                0x00000c5c                lptmr_isr_callback
 .text.LPTMR0_IRQHandler
                0x00000e04        0x6 ./sources/keyboard.o
                0x00000e04                LPTMR0_IRQHandler
 *fill*         0x00000e0a        0x2 
 .text.KeyBoard_Events_Process
                0x00000e0c       0x14 ./sources/keyboard.o
                0x00000e0c                KeyBoard_Events_Process
 .text.USB_App_Device_Callback
                0x00000e20       0x44 ./sources/keyboard.o
                0x00000e20                USB_App_Device_Callback
 .text.USB_App_Class_Callback
                0x00000e64       0x6c ./sources/keyboard.o
                0x00000e64                USB_App_Class_Callback
 .text.APP_init
                0x00000ed0      0x118 ./sources/keyboard.o
                0x00000ed0                APP_init
 .text.startup.main
                0x00000fe8       0x1a ./sources/keyboard.o
                0x00000fe8                main
 *fill*         0x00001002        0x2 
 .text.USB_Desc_Get_Interface
                0x00001004       0x14 ./sources/usb_descriptor.o
                0x00001004                USB_Desc_Get_Interface
 .text.USB_Desc_Set_Interface
                0x00001018       0x14 ./sources/usb_descriptor.o
                0x00001018                USB_Desc_Set_Interface
 .text.USB_Set_Configuration
                0x0000102c        0x4 ./sources/usb_descriptor.o
                0x0000102c                USB_Set_Configuration
 .text.USB_Desc_Get_Descriptor
                0x00001030       0xa0 ./sources/usb_descriptor.o
                0x00001030                USB_Desc_Get_Descriptor
 .text.USB_Desc_Get_Entity
                0x000010d0       0x28 ./sources/usb_descriptor.o
                0x000010d0                USB_Desc_Get_Entity
 .text.USB_Desc_Set_Speed
                0x000010f8       0x40 ./sources/usb_descriptor.o
                0x000010f8                USB_Desc_Set_Speed
 .text.BOARD_InitOsc0
                0x00001138       0x28 ./board/board.o
                0x00001138                BOARD_InitOsc0
 .text.BOARD_InitRtcOsc
                0x00001160       0x20 ./board/board.o
                0x00001160                BOARD_InitRtcOsc
 .text.BOARD_ClockInit
                0x00001180       0x34 ./board/board.o
                0x00001180                BOARD_ClockInit
 .text.dbg_uart_init
                0x000011b4       0x18 ./board/board.o
                0x000011b4                dbg_uart_init
 .text.hardware_init
                0x000011cc       0x1c ./board/hardware_init.o
                0x000011cc                hardware_init
 .text.configure_uart_pins
                0x000011e8       0x58 ./board/pin_mux.o
                0x000011e8                configure_uart_pins
 .text.USB_Service_Hid_IN
                0x00001240       0x1c /opt/Freescale/KSDK_1.2.0/examples/frdmk64f/demo_apps/usb/device/hid/hhkb/bm/kds/../../../../../../../../../usb/usb_core/device/build/kds/usbd_sdk_frdmk64f_bm/debug/libusbd_bm.a(usb_hid.o)
                0x00001240                USB_Service_Hid_IN
 .text.USB_Service_Hid_OUT
                0x0000125c       0x1c /opt/Freescale/KSDK_1.2.0/examples/frdmk64f/demo_apps/usb/device/hid/hhkb/bm/kds/../../../../../../../../../usb/usb_core/device/build/kds/usbd_sdk_frdmk64f_bm/debug/libusbd_bm.a(usb_hid.o)
                0x0000125c                USB_Service_Hid_OUT
 .text.USB_Class_Hid_Event
                0x00001278      0x14c /opt/Freescale/KSDK_1.2.0/examples/frdmk64f/demo_apps/usb/device/hid/hhkb/bm/kds/../../../../../../../../../usb/usb_core/device/build/kds/usbd_sdk_frdmk64f_bm/debug/libusbd_bm.a(usb_hid.o)
                0x00001278                USB_Class_Hid_Event
 .text.USB_HID_Requests
                0x000013c4       0x40 /opt/Freescale/KSDK_1.2.0/examples/frdmk64f/demo_apps/usb/device/hid/hhkb/bm/kds/../../../../../../../../../usb/usb_core/device/build/kds/usbd_sdk_frdmk64f_bm/debug/libusbd_bm.a(usb_hid.o)
                0x000013c4                USB_HID_Requests
 .text.USB_Hid_Free_Handle
                0x00001404       0x1c /opt/Freescale/KSDK_1.2.0/examples/frdmk64f/demo_apps/usb/device/hid/hhkb/bm/kds/../../../../../../../../../usb/usb_core/device/build/kds/usbd_sdk_frdmk64f_bm/debug/libusbd_bm.a(usb_hid.o)
 .text.USB_Class_HID_Init
                0x00001420       0x94 /opt/Freescale/KSDK_1.2.0/examples/frdmk64f/demo_apps/usb/device/hid/hhkb/bm/kds/../../../../../../../../../usb/usb_core/device/build/kds/usbd_sdk_frdmk64f_bm/debug/libusbd_bm.a(usb_hid.o)
                0x00001420                USB_Class_HID_Init
 .text.USB_Class_HID_Send_Data
                0x000014b4        0xc /opt/Freescale/KSDK_1.2.0/examples/frdmk64f/demo_apps/usb/device/hid/hhkb/bm/kds/../../../../../../../../../usb/usb_core/device/build/kds/usbd_sdk_frdmk64f_bm/debug/libusbd_bm.a(usb_hid.o)
                0x000014b4                USB_Class_HID_Send_Data
 .text.USB_Class_HID_Get_Speed
                0x000014c0       0x10 /opt/Freescale/KSDK_1.2.0/examples/frdmk64f/demo_apps/usb/device/hid/hhkb/bm/kds/../../../../../../../../../usb/usb_core/device/build/kds/usbd_sdk_frdmk64f_bm/debug/libusbd_bm.a(usb_hid.o)
                0x000014c0                USB_Class_HID_Get_Speed
 .text.USB_Class_Init
                0x000014d0       0x3c /opt/Freescale/KSDK_1.2.0/examples/frdmk64f/demo_apps/usb/device/hid/hhkb/bm/kds/../../../../../../../../../usb/usb_core/device/build/kds/usbd_sdk_frdmk64f_bm/debug/libusbd_bm.a(usb_class.o)
                0x000014d0                USB_Class_Init
 .text.USB_Class_Send_Data
                0x0000150c        0xc /opt/Freescale/KSDK_1.2.0/examples/frdmk64f/demo_apps/usb/device/hid/hhkb/bm/kds/../../../../../../../../../usb/usb_core/device/build/kds/usbd_sdk_frdmk64f_bm/debug/libusbd_bm.a(usb_class.o)
                0x0000150c                USB_Class_Send_Data
 .text.USB_Class_Get_Status
                0x00001518        0xc /opt/Freescale/KSDK_1.2.0/examples/frdmk64f/demo_apps/usb/device/hid/hhkb/bm/kds/../../../../../../../../../usb/usb_core/device/build/kds/usbd_sdk_frdmk64f_bm/debug/libusbd_bm.a(usb_class.o)
                0x00001518                USB_Class_Get_Status
 .text._usb_device_call_service_internal
                0x00001524       0x44 /opt/Freescale/KSDK_1.2.0/examples/frdmk64f/demo_apps/usb/device/hid/hhkb/bm/kds/../../../../../../../../../usb/usb_core/device/build/kds/usbd_sdk_frdmk64f_bm/debug/libusbd_bm.a(usb_dev.o)
                0x00001524                _usb_device_call_service_internal
 .text._usb_device_call_service
                0x00001568       0x1c /opt/Freescale/KSDK_1.2.0/examples/frdmk64f/demo_apps/usb/device/hid/hhkb/bm/kds/../../../../../../../../../usb/usb_core/device/build/kds/usbd_sdk_frdmk64f_bm/debug/libusbd_bm.a(usb_dev.o)
                0x00001568                _usb_device_call_service
 .text.usb_device_set_address
                0x00001584       0x1c /opt/Freescale/KSDK_1.2.0/examples/frdmk64f/demo_apps/usb/device/hid/hhkb/bm/kds/../../../../../../../../../usb/usb_core/device/build/kds/usbd_sdk_frdmk64f_bm/debug/libusbd_bm.a(usb_dev.o)
                0x00001584                usb_device_set_address
 .text.usb_device_get_status
                0x000015a0       0x54 /opt/Freescale/KSDK_1.2.0/examples/frdmk64f/demo_apps/usb/device/hid/hhkb/bm/kds/../../../../../../../../../usb/usb_core/device/build/kds/usbd_sdk_frdmk64f_bm/debug/libusbd_bm.a(usb_dev.o)
                0x000015a0                usb_device_get_status
 .text.usb_device_set_status
                0x000015f4       0x40 /opt/Freescale/KSDK_1.2.0/examples/frdmk64f/demo_apps/usb/device/hid/hhkb/bm/kds/../../../../../../../../../usb/usb_core/device/build/kds/usbd_sdk_frdmk64f_bm/debug/libusbd_bm.a(usb_dev.o)
                0x000015f4                usb_device_set_status
 .text.usb_device_init
                0x00001634       0xf0 /opt/Freescale/KSDK_1.2.0/examples/frdmk64f/demo_apps/usb/device/hid/hhkb/bm/kds/../../../../../../../../../usb/usb_core/device/build/kds/usbd_sdk_frdmk64f_bm/debug/libusbd_bm.a(usb_dev.o)
                0x00001634                usb_device_init
 .text.usb_device_postinit
                0x00001724       0x10 /opt/Freescale/KSDK_1.2.0/examples/frdmk64f/demo_apps/usb/device/hid/hhkb/bm/kds/../../../../../../../../../usb/usb_core/device/build/kds/usbd_sdk_frdmk64f_bm/debug/libusbd_bm.a(usb_dev.o)
                0x00001724                usb_device_postinit
 .text.usb_device_init_endpoint
                0x00001734       0x50 /opt/Freescale/KSDK_1.2.0/examples/frdmk64f/demo_apps/usb/device/hid/hhkb/bm/kds/../../../../../../../../../usb/usb_core/device/build/kds/usbd_sdk_frdmk64f_bm/debug/libusbd_bm.a(usb_dev.o)
                0x00001734                usb_device_init_endpoint
 .text.usb_device_register_service
                0x00001784       0x72 /opt/Freescale/KSDK_1.2.0/examples/frdmk64f/demo_apps/usb/device/hid/hhkb/bm/kds/../../../../../../../../../usb/usb_core/device/build/kds/usbd_sdk_frdmk64f_bm/debug/libusbd_bm.a(usb_dev.o)
                0x00001784                usb_device_register_service
 *fill*         0x000017f6        0x2 
 .text.usb_device_recv_data
                0x000017f8       0x8c /opt/Freescale/KSDK_1.2.0/examples/frdmk64f/demo_apps/usb/device/hid/hhkb/bm/kds/../../../../../../../../../usb/usb_core/device/build/kds/usbd_sdk_frdmk64f_bm/debug/libusbd_bm.a(usb_dev.o)
                0x000017f8                usb_device_recv_data
 .text.usb_device_send_data
                0x00001884       0xa0 /opt/Freescale/KSDK_1.2.0/examples/frdmk64f/demo_apps/usb/device/hid/hhkb/bm/kds/../../../../../../../../../usb/usb_core/device/build/kds/usbd_sdk_frdmk64f_bm/debug/libusbd_bm.a(usb_dev.o)
                0x00001884                usb_device_send_data
 .text.usb_device_unstall_endpoint
                0x00001924       0x48 /opt/Freescale/KSDK_1.2.0/examples/frdmk64f/demo_apps/usb/device/hid/hhkb/bm/kds/../../../../../../../../../usb/usb_core/device/build/kds/usbd_sdk_frdmk64f_bm/debug/libusbd_bm.a(usb_dev.o)
                0x00001924                usb_device_unstall_endpoint
 .text.usb_device_stall_endpoint
                0x0000196c       0x28 /opt/Freescale/KSDK_1.2.0/examples/frdmk64f/demo_apps/usb/device/hid/hhkb/bm/kds/../../../../../../../../../usb/usb_core/device/build/kds/usbd_sdk_frdmk64f_bm/debug/libusbd_bm.a(usb_dev.o)
                0x0000196c                usb_device_stall_endpoint
 .text.usb_device_register_application_notify
                0x00001994       0x1c /opt/Freescale/KSDK_1.2.0/examples/frdmk64f/demo_apps/usb/device/hid/hhkb/bm/kds/../../../../../../../../../usb/usb_core/device/build/kds/usbd_sdk_frdmk64f_bm/debug/libusbd_bm.a(usb_dev.o)
                0x00001994                usb_device_register_application_notify
 .text.usb_device_register_vendor_class_request_notify
                0x000019b0       0x1c /opt/Freescale/KSDK_1.2.0/examples/frdmk64f/demo_apps/usb/device/hid/hhkb/bm/kds/../../../../../../../../../usb/usb_core/device/build/kds/usbd_sdk_frdmk64f_bm/debug/libusbd_bm.a(usb_dev.o)
                0x000019b0                usb_device_register_vendor_class_request_notify
 .text.usb_device_register_desc_request_notify
                0x000019cc       0x1c /opt/Freescale/KSDK_1.2.0/examples/frdmk64f/demo_apps/usb/device/hid/hhkb/bm/kds/../../../../../../../../../usb/usb_core/device/build/kds/usbd_sdk_frdmk64f_bm/debug/libusbd_bm.a(usb_dev.o)
                0x000019cc                usb_device_register_desc_request_notify
 .text.usb_device_reset
                0x000019e8       0x14 /opt/Freescale/KSDK_1.2.0/examples/frdmk64f/demo_apps/usb/device/hid/hhkb/bm/kds/../../../../../../../../../usb/usb_core/device/build/kds/usbd_sdk_frdmk64f_bm/debug/libusbd_bm.a(usb_dev.o)
                0x000019e8                usb_device_reset
 .text.USB_Strd_Req_Get_Config
                0x000019fc        0xc /opt/Freescale/KSDK_1.2.0/examples/frdmk64f/demo_apps/usb/device/hid/hhkb/bm/kds/../../../../../../../../../usb/usb_core/device/build/kds/usbd_sdk_frdmk64f_bm/debug/libusbd_bm.a(usb_framework.o)
 .text.USB_Strd_Req_Get_Interface
                0x00001a08       0x20 /opt/Freescale/KSDK_1.2.0/examples/frdmk64f/demo_apps/usb/device/hid/hhkb/bm/kds/../../../../../../../../../usb/usb_core/device/build/kds/usbd_sdk_frdmk64f_bm/debug/libusbd_bm.a(usb_framework.o)
 .text.USB_Strd_Req_Get_Descriptor
                0x00001a28       0x22 /opt/Freescale/KSDK_1.2.0/examples/frdmk64f/demo_apps/usb/device/hid/hhkb/bm/kds/../../../../../../../../../usb/usb_core/device/build/kds/usbd_sdk_frdmk64f_bm/debug/libusbd_bm.a(usb_framework.o)
 .text.USB_Strd_Req_Sync_Frame
                0x00001a4a       0x1a /opt/Freescale/KSDK_1.2.0/examples/frdmk64f/demo_apps/usb/device/hid/hhkb/bm/kds/../../../../../../../../../usb/usb_core/device/build/kds/usbd_sdk_frdmk64f_bm/debug/libusbd_bm.a(usb_framework.o)
 .text.USB_Strd_Req_Get_Status
                0x00001a64       0x56 /opt/Freescale/KSDK_1.2.0/examples/frdmk64f/demo_apps/usb/device/hid/hhkb/bm/kds/../../../../../../../../../usb/usb_core/device/build/kds/usbd_sdk_frdmk64f_bm/debug/libusbd_bm.a(usb_framework.o)
 .text.USB_Strd_Req_Set_Config
                0x00001aba       0x58 /opt/Freescale/KSDK_1.2.0/examples/frdmk64f/demo_apps/usb/device/hid/hhkb/bm/kds/../../../../../../../../../usb/usb_core/device/build/kds/usbd_sdk_frdmk64f_bm/debug/libusbd_bm.a(usb_framework.o)
 .text.USB_Strd_Req_Set_Address
                0x00001b12       0x1c /opt/Freescale/KSDK_1.2.0/examples/frdmk64f/demo_apps/usb/device/hid/hhkb/bm/kds/../../../../../../../../../usb/usb_core/device/build/kds/usbd_sdk_frdmk64f_bm/debug/libusbd_bm.a(usb_framework.o)
 .text.USB_Strd_Req_Feature
                0x00001b2e       0x92 /opt/Freescale/KSDK_1.2.0/examples/frdmk64f/demo_apps/usb/device/hid/hhkb/bm/kds/../../../../../../../../../usb/usb_core/device/build/kds/usbd_sdk_frdmk64f_bm/debug/libusbd_bm.a(usb_framework.o)
 .text.USB_Strd_Req_Set_Interface
                0x00001bc0       0x3e /opt/Freescale/KSDK_1.2.0/examples/frdmk64f/demo_apps/usb/device/hid/hhkb/bm/kds/../../../../../../../../../usb/usb_core/device/build/kds/usbd_sdk_frdmk64f_bm/debug/libusbd_bm.a(usb_framework.o)
 .text.USB_Reset_Service
                0x00001bfe       0x48 /opt/Freescale/KSDK_1.2.0/examples/frdmk64f/demo_apps/usb/device/hid/hhkb/bm/kds/../../../../../../../../../usb/usb_core/device/build/kds/usbd_sdk_frdmk64f_bm/debug/libusbd_bm.a(usb_framework.o)
                0x00001bfe                USB_Reset_Service
 .text.USB_Control_Service_Handler
                0x00001c46       0x4a /opt/Freescale/KSDK_1.2.0/examples/frdmk64f/demo_apps/usb/device/hid/hhkb/bm/kds/../../../../../../../../../usb/usb_core/device/build/kds/usbd_sdk_frdmk64f_bm/debug/libusbd_bm.a(usb_framework.o)
                0x00001c46                USB_Control_Service_Handler
 .text.USB_Control_Service
                0x00001c90      0x130 /opt/Freescale/KSDK_1.2.0/examples/frdmk64f/demo_apps/usb/device/hid/hhkb/bm/kds/../../../../../../../../../usb/usb_core/device/build/kds/usbd_sdk_frdmk64f_bm/debug/libusbd_bm.a(usb_framework.o)
                0x00001c90                USB_Control_Service
 .text.bsp_usb_dev_board_init
                0x00001dc0        0xa /opt/Freescale/KSDK_1.2.0/examples/frdmk64f/demo_apps/usb/device/hid/hhkb/bm/kds/../../../../../../../../../usb/usb_core/device/build/kds/usbd_sdk_frdmk64f_bm/debug/libusbd_bm.a(usb_dev_bsp.o)
                0x00001dc0                bsp_usb_dev_board_init
 *fill*         0x00001dca        0x2 
 .text.bsp_usb_dev_init
                0x00001dcc       0xc8 /opt/Freescale/KSDK_1.2.0/examples/frdmk64f/demo_apps/usb/device/hid/hhkb/bm/kds/../../../../../../../../../usb/usb_core/device/build/kds/usbd_sdk_frdmk64f_bm/debug/libusbd_bm.a(usb_dev_bsp.o)
                0x00001dcc                bsp_usb_dev_init
 .text.soc_get_usb_vector_number
                0x00001e94        0xa /opt/Freescale/KSDK_1.2.0/examples/frdmk64f/demo_apps/usb/device/hid/hhkb/bm/kds/../../../../../../../../../usb/usb_core/device/build/kds/usbd_sdk_frdmk64f_bm/debug/libusbd_bm.a(adapter_sdk.o)
                0x00001e94                soc_get_usb_vector_number
 *fill*         0x00001e9e        0x2 
 .text.soc_get_usb_base_address
                0x00001ea0       0x10 /opt/Freescale/KSDK_1.2.0/examples/frdmk64f/demo_apps/usb/device/hid/hhkb/bm/kds/../../../../../../../../../usb/usb_core/device/build/kds/usbd_sdk_frdmk64f_bm/debug/libusbd_bm.a(adapter_sdk.o)
                0x00001ea0                soc_get_usb_base_address
 .text.OS_Mutex_create
                0x00001eb0       0x20 /opt/Freescale/KSDK_1.2.0/examples/frdmk64f/demo_apps/usb/device/hid/hhkb/bm/kds/../../../../../../../../../usb/usb_core/device/build/kds/usbd_sdk_frdmk64f_bm/debug/libusbd_bm.a(adapter_sdk.o)
                0x00001eb0                OS_Mutex_create
 .text.OS_Mutex_destroy
                0x00001ed0       0x1c /opt/Freescale/KSDK_1.2.0/examples/frdmk64f/demo_apps/usb/device/hid/hhkb/bm/kds/../../../../../../../../../usb/usb_core/device/build/kds/usbd_sdk_frdmk64f_bm/debug/libusbd_bm.a(adapter_sdk.o)
                0x00001ed0                OS_Mutex_destroy
 .text.OS_Mutex_lock
                0x00001eec       0x14 /opt/Freescale/KSDK_1.2.0/examples/frdmk64f/demo_apps/usb/device/hid/hhkb/bm/kds/../../../../../../../../../usb/usb_core/device/build/kds/usbd_sdk_frdmk64f_bm/debug/libusbd_bm.a(adapter_sdk.o)
                0x00001eec                OS_Mutex_lock
 .text.OS_Mutex_unlock
                0x00001f00       0x10 /opt/Freescale/KSDK_1.2.0/examples/frdmk64f/demo_apps/usb/device/hid/hhkb/bm/kds/../../../../../../../../../usb/usb_core/device/build/kds/usbd_sdk_frdmk64f_bm/debug/libusbd_bm.a(adapter_sdk.o)
                0x00001f00                OS_Mutex_unlock
 .text.usb_hal_khci_clr_token_busy
                0x00001f10        0xe /opt/Freescale/KSDK_1.2.0/examples/frdmk64f/demo_apps/usb/device/hid/hhkb/bm/kds/../../../../../../../../../usb/usb_core/device/build/kds/usbd_sdk_frdmk64f_bm/debug/libusbd_bm.a(khci_dev.o)
 *fill*         0x00001f1e        0x2 
 .text._usb_khci_reset_ep_state
                0x00001f20       0xbc /opt/Freescale/KSDK_1.2.0/examples/frdmk64f/demo_apps/usb/device/hid/hhkb/bm/kds/../../../../../../../../../usb/usb_core/device/build/kds/usbd_sdk_frdmk64f_bm/debug/libusbd_bm.a(khci_dev.o)
 .text.usb_dci_khci_free_xd
                0x00001fdc       0x2e /opt/Freescale/KSDK_1.2.0/examples/frdmk64f/demo_apps/usb/device/hid/hhkb/bm/kds/../../../../../../../../../usb/usb_core/device/build/kds/usbd_sdk_frdmk64f_bm/debug/libusbd_bm.a(khci_dev.o)
                0x00001fdc                usb_dci_khci_free_xd
 .text.usb_dci_khci_get_xd
                0x0000200a       0x3a /opt/Freescale/KSDK_1.2.0/examples/frdmk64f/demo_apps/usb/device/hid/hhkb/bm/kds/../../../../../../../../../usb/usb_core/device/build/kds/usbd_sdk_frdmk64f_bm/debug/libusbd_bm.a(khci_dev.o)
                0x0000200a                usb_dci_khci_get_xd
 .text._usb_khci_next_setup_token_prep
                0x00002044       0x80 /opt/Freescale/KSDK_1.2.0/examples/frdmk64f/demo_apps/usb/device/hid/hhkb/bm/kds/../../../../../../../../../usb/usb_core/device/build/kds/usbd_sdk_frdmk64f_bm/debug/libusbd_bm.a(khci_dev.o)
 .text.usb_dci_khci_init_xd
                0x000020c4       0x3c /opt/Freescale/KSDK_1.2.0/examples/frdmk64f/demo_apps/usb/device/hid/hhkb/bm/kds/../../../../../../../../../usb/usb_core/device/build/kds/usbd_sdk_frdmk64f_bm/debug/libusbd_bm.a(khci_dev.o)
                0x000020c4                usb_dci_khci_init_xd
 .text.usb_dci_khci_preinit
                0x00002100       0x30 /opt/Freescale/KSDK_1.2.0/examples/frdmk64f/demo_apps/usb/device/hid/hhkb/bm/kds/../../../../../../../../../usb/usb_core/device/build/kds/usbd_sdk_frdmk64f_bm/debug/libusbd_bm.a(khci_dev.o)
                0x00002100                usb_dci_khci_preinit
 .text.usb_dci_khci_init
                0x00002130       0x88 /opt/Freescale/KSDK_1.2.0/examples/frdmk64f/demo_apps/usb/device/hid/hhkb/bm/kds/../../../../../../../../../usb/usb_core/device/build/kds/usbd_sdk_frdmk64f_bm/debug/libusbd_bm.a(khci_dev.o)
                0x00002130                usb_dci_khci_init
 .text.usb_dci_khci_postinit
                0x000021b8       0x4c /opt/Freescale/KSDK_1.2.0/examples/frdmk64f/demo_apps/usb/device/hid/hhkb/bm/kds/../../../../../../../../../usb/usb_core/device/build/kds/usbd_sdk_frdmk64f_bm/debug/libusbd_bm.a(khci_dev.o)
                0x000021b8                usb_dci_khci_postinit
 .text.usb_dci_khci_init_endpoint
                0x00002204       0xcc /opt/Freescale/KSDK_1.2.0/examples/frdmk64f/demo_apps/usb/device/hid/hhkb/bm/kds/../../../../../../../../../usb/usb_core/device/build/kds/usbd_sdk_frdmk64f_bm/debug/libusbd_bm.a(khci_dev.o)
                0x00002204                usb_dci_khci_init_endpoint
 .text.usb_dci_khci_send
                0x000022d0       0xa4 /opt/Freescale/KSDK_1.2.0/examples/frdmk64f/demo_apps/usb/device/hid/hhkb/bm/kds/../../../../../../../../../usb/usb_core/device/build/kds/usbd_sdk_frdmk64f_bm/debug/libusbd_bm.a(khci_dev.o)
                0x000022d0                usb_dci_khci_send
 .text.usb_dci_khci_recv
                0x00002374      0x104 /opt/Freescale/KSDK_1.2.0/examples/frdmk64f/demo_apps/usb/device/hid/hhkb/bm/kds/../../../../../../../../../usb/usb_core/device/build/kds/usbd_sdk_frdmk64f_bm/debug/libusbd_bm.a(khci_dev.o)
                0x00002374                usb_dci_khci_recv
 .text.usb_dci_khci_unstall_endpoint
                0x00002478       0xf0 /opt/Freescale/KSDK_1.2.0/examples/frdmk64f/demo_apps/usb/device/hid/hhkb/bm/kds/../../../../../../../../../usb/usb_core/device/build/kds/usbd_sdk_frdmk64f_bm/debug/libusbd_bm.a(khci_dev.o)
                0x00002478                usb_dci_khci_unstall_endpoint
 .text.usb_dci_khci_cancel
                0x00002568       0x58 /opt/Freescale/KSDK_1.2.0/examples/frdmk64f/demo_apps/usb/device/hid/hhkb/bm/kds/../../../../../../../../../usb/usb_core/device/build/kds/usbd_sdk_frdmk64f_bm/debug/libusbd_bm.a(khci_dev.o)
                0x00002568                usb_dci_khci_cancel
 .text.usb_dci_khci_deinit_endpoint
                0x000025c0       0x58 /opt/Freescale/KSDK_1.2.0/examples/frdmk64f/demo_apps/usb/device/hid/hhkb/bm/kds/../../../../../../../../../usb/usb_core/device/build/kds/usbd_sdk_frdmk64f_bm/debug/libusbd_bm.a(khci_dev.o)
                0x000025c0                usb_dci_khci_deinit_endpoint
 .text.usb_dci_khci_stall_endpoint
                0x00002618       0x84 /opt/Freescale/KSDK_1.2.0/examples/frdmk64f/demo_apps/usb/device/hid/hhkb/bm/kds/../../../../../../../../../usb/usb_core/device/build/kds/usbd_sdk_frdmk64f_bm/debug/libusbd_bm.a(khci_dev.o)
                0x00002618                usb_dci_khci_stall_endpoint
 .text._usb_khci_isr
                0x0000269c      0x338 /opt/Freescale/KSDK_1.2.0/examples/frdmk64f/demo_apps/usb/device/hid/hhkb/bm/kds/../../../../../../../../../usb/usb_core/device/build/kds/usbd_sdk_frdmk64f_bm/debug/libusbd_bm.a(khci_dev.o)
 .text.usb_dci_khci_set_addr
                0x000029d4       0x22 /opt/Freescale/KSDK_1.2.0/examples/frdmk64f/demo_apps/usb/device/hid/hhkb/bm/kds/../../../../../../../../../usb/usb_core/device/build/kds/usbd_sdk_frdmk64f_bm/debug/libusbd_bm.a(khci_dev.o)
                0x000029d4                usb_dci_khci_set_addr
 .text.usb_dci_khci_shutdown
                0x000029f6       0x52 /opt/Freescale/KSDK_1.2.0/examples/frdmk64f/demo_apps/usb/device/hid/hhkb/bm/kds/../../../../../../../../../usb/usb_core/device/build/kds/usbd_sdk_frdmk64f_bm/debug/libusbd_bm.a(khci_dev.o)
                0x000029f6                usb_dci_khci_shutdown
 .text.usb_dci_khci_get_endpoint_status
                0x00002a48       0x14 /opt/Freescale/KSDK_1.2.0/examples/frdmk64f/demo_apps/usb/device/hid/hhkb/bm/kds/../../../../../../../../../usb/usb_core/device/build/kds/usbd_sdk_frdmk64f_bm/debug/libusbd_bm.a(khci_dev.o)
                0x00002a48                usb_dci_khci_get_endpoint_status
 .text.usb_dci_khci_set_endpoint_status
                0x00002a5c       0x34 /opt/Freescale/KSDK_1.2.0/examples/frdmk64f/demo_apps/usb/device/hid/hhkb/bm/kds/../../../../../../../../../usb/usb_core/device/build/kds/usbd_sdk_frdmk64f_bm/debug/libusbd_bm.a(khci_dev.o)
                0x00002a5c                usb_dci_khci_set_endpoint_status
 .text.usb_dci_khci_set_status
                0x00002a90       0x36 /opt/Freescale/KSDK_1.2.0/examples/frdmk64f/demo_apps/usb/device/hid/hhkb/bm/kds/../../../../../../../../../usb/usb_core/device/build/kds/usbd_sdk_frdmk64f_bm/debug/libusbd_bm.a(khci_dev.o)
                0x00002a90                usb_dci_khci_set_status
 .text.usb_dci_khci_get_status
                0x00002ac6       0x46 /opt/Freescale/KSDK_1.2.0/examples/frdmk64f/demo_apps/usb/device/hid/hhkb/bm/kds/../../../../../../../../../usb/usb_core/device/build/kds/usbd_sdk_frdmk64f_bm/debug/libusbd_bm.a(khci_dev.o)
                0x00002ac6                usb_dci_khci_get_status
 .text.usb_dci_khci_reset
                0x00002b0c       0x36 /opt/Freescale/KSDK_1.2.0/examples/frdmk64f/demo_apps/usb/device/hid/hhkb/bm/kds/../../../../../../../../../usb/usb_core/device/build/kds/usbd_sdk_frdmk64f_bm/debug/libusbd_bm.a(khci_dev.o)
                0x00002b0c                usb_dci_khci_reset
 .text.UART_HAL_SetBaudRate
                0x00002b42       0x42 /opt/Freescale/KSDK_1.2.0/examples/frdmk64f/demo_apps/usb/device/hid/hhkb/bm/kds/../../../../../../../../../lib/ksdk_platform_lib/kds/K64F12/debug/libksdk_platform.a(fsl_uart_hal.o)
                0x00002b42                UART_HAL_SetBaudRate
 .text.UART_HAL_SetParityMode
                0x00002b84       0x14 /opt/Freescale/KSDK_1.2.0/examples/frdmk64f/demo_apps/usb/device/hid/hhkb/bm/kds/../../../../../../../../../lib/ksdk_platform_lib/kds/K64F12/debug/libksdk_platform.a(fsl_uart_hal.o)
                0x00002b84                UART_HAL_SetParityMode
 .text.UART_HAL_SendDataPolling
                0x00002b98       0x22 /opt/Freescale/KSDK_1.2.0/examples/frdmk64f/demo_apps/usb/device/hid/hhkb/bm/kds/../../../../../../../../../lib/ksdk_platform_lib/kds/K64F12/debug/libksdk_platform.a(fsl_uart_hal.o)
                0x00002b98                UART_HAL_SendDataPolling
 .text.UART_HAL_ReceiveDataPolling
                0x00002bba       0x3a /opt/Freescale/KSDK_1.2.0/examples/frdmk64f/demo_apps/usb/device/hid/hhkb/bm/kds/../../../../../../../../../lib/ksdk_platform_lib/kds/K64F12/debug/libksdk_platform.a(fsl_uart_hal.o)
                0x00002bba                UART_HAL_ReceiveDataPolling
 .text.CLOCK_HAL_SetUsbfsDiv
                0x00002bf4       0x22 /opt/Freescale/KSDK_1.2.0/examples/frdmk64f/demo_apps/usb/device/hid/hhkb/bm/kds/../../../../../../../../../lib/ksdk_platform_lib/kds/K64F12/debug/libksdk_platform.a(fsl_sim_hal_MK64F12.o)
                0x00002bf4                CLOCK_HAL_SetUsbfsDiv
 .text.CLOCK_HAL_SetOutDiv
                0x00002c16       0x28 /opt/Freescale/KSDK_1.2.0/examples/frdmk64f/demo_apps/usb/device/hid/hhkb/bm/kds/../../../../../../../../../lib/ksdk_platform_lib/kds/K64F12/debug/libksdk_platform.a(fsl_sim_hal_MK64F12.o)
                0x00002c16                CLOCK_HAL_SetOutDiv
 *fill*         0x00002c3e        0x2 
 .text.INT_SYS_DisableIRQ
                0x00002c40       0x4c /opt/Freescale/KSDK_1.2.0/examples/frdmk64f/demo_apps/usb/device/hid/hhkb/bm/kds/../../../../../../../../../lib/ksdk_platform_lib/kds/K64F12/debug/libksdk_platform.a(fsl_lptmr_driver.o)
 .text.LPTMR_DRV_Init
                0x00002c8c      0x130 /opt/Freescale/KSDK_1.2.0/examples/frdmk64f/demo_apps/usb/device/hid/hhkb/bm/kds/../../../../../../../../../lib/ksdk_platform_lib/kds/K64F12/debug/libksdk_platform.a(fsl_lptmr_driver.o)
                0x00002c8c                LPTMR_DRV_Init
 .text.LPTMR_DRV_Start
                0x00002dbc       0x48 /opt/Freescale/KSDK_1.2.0/examples/frdmk64f/demo_apps/usb/device/hid/hhkb/bm/kds/../../../../../../../../../lib/ksdk_platform_lib/kds/K64F12/debug/libksdk_platform.a(fsl_lptmr_driver.o)
                0x00002dbc                LPTMR_DRV_Start
 .text.LPTMR_DRV_SetTimerPeriodUs
                0x00002e04       0xa4 /opt/Freescale/KSDK_1.2.0/examples/frdmk64f/demo_apps/usb/device/hid/hhkb/bm/kds/../../../../../../../../../lib/ksdk_platform_lib/kds/K64F12/debug/libksdk_platform.a(fsl_lptmr_driver.o)
                0x00002e04                LPTMR_DRV_SetTimerPeriodUs
 .text.LPTMR_DRV_InstallCallback
                0x00002ea8       0x34 /opt/Freescale/KSDK_1.2.0/examples/frdmk64f/demo_apps/usb/device/hid/hhkb/bm/kds/../../../../../../../../../lib/ksdk_platform_lib/kds/K64F12/debug/libksdk_platform.a(fsl_lptmr_driver.o)
                0x00002ea8                LPTMR_DRV_InstallCallback
 .text.LPTMR_DRV_IRQHandler
                0x00002edc       0x64 /opt/Freescale/KSDK_1.2.0/examples/frdmk64f/demo_apps/usb/device/hid/hhkb/bm/kds/../../../../../../../../../lib/ksdk_platform_lib/kds/K64F12/debug/libksdk_platform.a(fsl_lptmr_driver.o)
                0x00002edc                LPTMR_DRV_IRQHandler
 .text.unlikely.PORT_HAL_SetMuxMode.part.0
                0x00002f40       0x1c /opt/Freescale/KSDK_1.2.0/examples/frdmk64f/demo_apps/usb/device/hid/hhkb/bm/kds/../../../../../../../../../lib/ksdk_platform_lib/kds/K64F12/debug/libksdk_platform.a(fsl_gpio_driver.o)
 .text.GPIO_DRV_InputPinInit
                0x00002f5c       0xe4 /opt/Freescale/KSDK_1.2.0/examples/frdmk64f/demo_apps/usb/device/hid/hhkb/bm/kds/../../../../../../../../../lib/ksdk_platform_lib/kds/K64F12/debug/libksdk_platform.a(fsl_gpio_driver.o)
                0x00002f5c                GPIO_DRV_InputPinInit
 .text.GPIO_DRV_OutputPinInit
                0x00003040       0x70 /opt/Freescale/KSDK_1.2.0/examples/frdmk64f/demo_apps/usb/device/hid/hhkb/bm/kds/../../../../../../../../../lib/ksdk_platform_lib/kds/K64F12/debug/libksdk_platform.a(fsl_gpio_driver.o)
                0x00003040                GPIO_DRV_OutputPinInit
 .text.GPIO_DRV_WritePinOutput
                0x000030b0       0x18 /opt/Freescale/KSDK_1.2.0/examples/frdmk64f/demo_apps/usb/device/hid/hhkb/bm/kds/../../../../../../../../../lib/ksdk_platform_lib/kds/K64F12/debug/libksdk_platform.a(fsl_gpio_driver.o)
                0x000030b0                GPIO_DRV_WritePinOutput
 .text.GPIO_DRV_SetPinOutput
                0x000030c8       0x38 /opt/Freescale/KSDK_1.2.0/examples/frdmk64f/demo_apps/usb/device/hid/hhkb/bm/kds/../../../../../../../../../lib/ksdk_platform_lib/kds/K64F12/debug/libksdk_platform.a(fsl_gpio_driver.o)
                0x000030c8                GPIO_DRV_SetPinOutput
 .text.GPIO_DRV_ClearPinOutput
                0x00003100       0x38 /opt/Freescale/KSDK_1.2.0/examples/frdmk64f/demo_apps/usb/device/hid/hhkb/bm/kds/../../../../../../../../../lib/ksdk_platform_lib/kds/K64F12/debug/libksdk_platform.a(fsl_gpio_driver.o)
                0x00003100                GPIO_DRV_ClearPinOutput
 .text.GPIO_DRV_TogglePinOutput
                0x00003138       0x38 /opt/Freescale/KSDK_1.2.0/examples/frdmk64f/demo_apps/usb/device/hid/hhkb/bm/kds/../../../../../../../../../lib/ksdk_platform_lib/kds/K64F12/debug/libksdk_platform.a(fsl_gpio_driver.o)
                0x00003138                GPIO_DRV_TogglePinOutput
 .text.GPIO_DRV_ReadPinInput
                0x00003170       0x3c /opt/Freescale/KSDK_1.2.0/examples/frdmk64f/demo_apps/usb/device/hid/hhkb/bm/kds/../../../../../../../../../lib/ksdk_platform_lib/kds/K64F12/debug/libksdk_platform.a(fsl_gpio_driver.o)
                0x00003170                GPIO_DRV_ReadPinInput
 .text.SIM_HAL_EnableClock.constprop.12
                0x000031ac       0x10 /opt/Freescale/KSDK_1.2.0/examples/frdmk64f/demo_apps/usb/device/hid/hhkb/bm/kds/../../../../../../../../../lib/ksdk_platform_lib/kds/K64F12/debug/libksdk_platform.a(fsl_clock_MK64F12.o)
 .text.CLOCK_SYS_GetCoreClockFreq
                0x000031bc       0x24 /opt/Freescale/KSDK_1.2.0/examples/frdmk64f/demo_apps/usb/device/hid/hhkb/bm/kds/../../../../../../../../../lib/ksdk_platform_lib/kds/K64F12/debug/libksdk_platform.a(fsl_clock_MK64F12.o)
                0x000031bc                CLOCK_SYS_GetCoreClockFreq
 .text.CLOCK_SYS_SetConfiguration
                0x000031e0       0x94 /opt/Freescale/KSDK_1.2.0/examples/frdmk64f/demo_apps/usb/device/hid/hhkb/bm/kds/../../../../../../../../../lib/ksdk_platform_lib/kds/K64F12/debug/libksdk_platform.a(fsl_clock_MK64F12.o)
                0x000031e0                CLOCK_SYS_SetConfiguration
 .text.CLOCK_SYS_FllStableDelay
                0x00003274       0x1a /opt/Freescale/KSDK_1.2.0/examples/frdmk64f/demo_apps/usb/device/hid/hhkb/bm/kds/../../../../../../../../../lib/ksdk_platform_lib/kds/K64F12/debug/libksdk_platform.a(fsl_clock_MK64F12.o)
 *fill*         0x0000328e        0x2 
 .text.CLOCK_SYS_GetSystemClockFreq
                0x00003290       0x24 /opt/Freescale/KSDK_1.2.0/examples/frdmk64f/demo_apps/usb/device/hid/hhkb/bm/kds/../../../../../../../../../lib/ksdk_platform_lib/kds/K64F12/debug/libksdk_platform.a(fsl_clock_MK64F12.o)
                0x00003290                CLOCK_SYS_GetSystemClockFreq
 .text.CLOCK_SYS_GetBusClockFreq
                0x000032b4       0x24 /opt/Freescale/KSDK_1.2.0/examples/frdmk64f/demo_apps/usb/device/hid/hhkb/bm/kds/../../../../../../../../../lib/ksdk_platform_lib/kds/K64F12/debug/libksdk_platform.a(fsl_clock_MK64F12.o)
                0x000032b4                CLOCK_SYS_GetBusClockFreq
 .text.CLOCK_SYS_GetExternalRefClock32kFreq
                0x000032d8       0x40 /opt/Freescale/KSDK_1.2.0/examples/frdmk64f/demo_apps/usb/device/hid/hhkb/bm/kds/../../../../../../../../../lib/ksdk_platform_lib/kds/K64F12/debug/libksdk_platform.a(fsl_clock_MK64F12.o)
                0x000032d8                CLOCK_SYS_GetExternalRefClock32kFreq
 .text.CLOCK_SYS_GetOsc0ExternalRefClockFreq
                0x00003318       0x20 /opt/Freescale/KSDK_1.2.0/examples/frdmk64f/demo_apps/usb/device/hid/hhkb/bm/kds/../../../../../../../../../lib/ksdk_platform_lib/kds/K64F12/debug/libksdk_platform.a(fsl_clock_MK64F12.o)
                0x00003318                CLOCK_SYS_GetOsc0ExternalRefClockFreq
 .text.CLOCK_SYS_GetLptmrFreq
                0x00003338       0x28 /opt/Freescale/KSDK_1.2.0/examples/frdmk64f/demo_apps/usb/device/hid/hhkb/bm/kds/../../../../../../../../../lib/ksdk_platform_lib/kds/K64F12/debug/libksdk_platform.a(fsl_clock_MK64F12.o)
                0x00003338                CLOCK_SYS_GetLptmrFreq
 .text.CLOCK_SYS_GetUartFreq
                0x00003360       0x1a /opt/Freescale/KSDK_1.2.0/examples/frdmk64f/demo_apps/usb/device/hid/hhkb/bm/kds/../../../../../../../../../lib/ksdk_platform_lib/kds/K64F12/debug/libksdk_platform.a(fsl_clock_MK64F12.o)
                0x00003360                CLOCK_SYS_GetUartFreq
 *fill*         0x0000337a        0x2 
 .text.CLOCK_SYS_EnablePortClock
                0x0000337c       0x30 /opt/Freescale/KSDK_1.2.0/examples/frdmk64f/demo_apps/usb/device/hid/hhkb/bm/kds/../../../../../../../../../lib/ksdk_platform_lib/kds/K64F12/debug/libksdk_platform.a(fsl_clock_MK64F12.o)
                0x0000337c                CLOCK_SYS_EnablePortClock
 .text.CLOCK_SYS_EnableUartClock
                0x000033ac       0x30 /opt/Freescale/KSDK_1.2.0/examples/frdmk64f/demo_apps/usb/device/hid/hhkb/bm/kds/../../../../../../../../../lib/ksdk_platform_lib/kds/K64F12/debug/libksdk_platform.a(fsl_clock_MK64F12.o)
                0x000033ac                CLOCK_SYS_EnableUartClock
 .text.CLOCK_SYS_SetMcgPeeToFbe
                0x000033dc       0x38 /opt/Freescale/KSDK_1.2.0/examples/frdmk64f/demo_apps/usb/device/hid/hhkb/bm/kds/../../../../../../../../../lib/ksdk_platform_lib/kds/K64F12/debug/libksdk_platform.a(fsl_clock_manager.o)
 .text.CLOCK_SYS_SetMcgMode
                0x00003414      0x12c /opt/Freescale/KSDK_1.2.0/examples/frdmk64f/demo_apps/usb/device/hid/hhkb/bm/kds/../../../../../../../../../lib/ksdk_platform_lib/kds/K64F12/debug/libksdk_platform.a(fsl_clock_manager.o)
                0x00003414                CLOCK_SYS_SetMcgMode
 .text.CLOCK_SYS_SetOscerConfigration
                0x00003540       0x1c /opt/Freescale/KSDK_1.2.0/examples/frdmk64f/demo_apps/usb/device/hid/hhkb/bm/kds/../../../../../../../../../lib/ksdk_platform_lib/kds/K64F12/debug/libksdk_platform.a(fsl_clock_manager.o)
                0x00003540                CLOCK_SYS_SetOscerConfigration
 .text.CLOCK_SYS_OscInit
                0x0000355c       0x98 /opt/Freescale/KSDK_1.2.0/examples/frdmk64f/demo_apps/usb/device/hid/hhkb/bm/kds/../../../../../../../../../lib/ksdk_platform_lib/kds/K64F12/debug/libksdk_platform.a(fsl_clock_manager.o)
                0x0000355c                CLOCK_SYS_OscInit
 .text.CLOCK_SYS_RtcOscInit
                0x000035f4       0x68 /opt/Freescale/KSDK_1.2.0/examples/frdmk64f/demo_apps/usb/device/hid/hhkb/bm/kds/../../../../../../../../../lib/ksdk_platform_lib/kds/K64F12/debug/libksdk_platform.a(fsl_clock_manager.o)
                0x000035f4                CLOCK_SYS_RtcOscInit
 .text.OSA_TimeInit
                0x0000365c       0x44 /opt/Freescale/KSDK_1.2.0/examples/frdmk64f/demo_apps/usb/device/hid/hhkb/bm/kds/../../../../../../../../../lib/ksdk_platform_lib/kds/K64F12/debug/libksdk_platform.a(fsl_os_abstraction_bm.o)
                0x0000365c                OSA_TimeInit
 .text.OSA_TimeDiff
                0x000036a0        0xe /opt/Freescale/KSDK_1.2.0/examples/frdmk64f/demo_apps/usb/device/hid/hhkb/bm/kds/../../../../../../../../../lib/ksdk_platform_lib/kds/K64F12/debug/libksdk_platform.a(fsl_os_abstraction_bm.o)
                0x000036a0                OSA_TimeDiff
 *fill*         0x000036ae        0x2 
 .text.OSA_MutexCreate
                0x000036b0       0x2c /opt/Freescale/KSDK_1.2.0/examples/frdmk64f/demo_apps/usb/device/hid/hhkb/bm/kds/../../../../../../../../../lib/ksdk_platform_lib/kds/K64F12/debug/libksdk_platform.a(fsl_os_abstraction_bm.o)
                0x000036b0                OSA_MutexCreate
 .text.OSA_MutexUnlock
                0x000036dc       0x30 /opt/Freescale/KSDK_1.2.0/examples/frdmk64f/demo_apps/usb/device/hid/hhkb/bm/kds/../../../../../../../../../lib/ksdk_platform_lib/kds/K64F12/debug/libksdk_platform.a(fsl_os_abstraction_bm.o)
                0x000036dc                OSA_MutexUnlock
 .text.OSA_MutexDestroy
                0x0000370c       0x24 /opt/Freescale/KSDK_1.2.0/examples/frdmk64f/demo_apps/usb/device/hid/hhkb/bm/kds/../../../../../../../../../lib/ksdk_platform_lib/kds/K64F12/debug/libksdk_platform.a(fsl_os_abstraction_bm.o)
                0x0000370c                OSA_MutexDestroy
 .text.task_init
                0x00003730       0x38 /opt/Freescale/KSDK_1.2.0/examples/frdmk64f/demo_apps/usb/device/hid/hhkb/bm/kds/../../../../../../../../../lib/ksdk_platform_lib/kds/K64F12/debug/libksdk_platform.a(fsl_os_abstraction_bm.o)
                0x00003730                task_init
 .text.OSA_MemAllocZero
                0x00003768        0x8 /opt/Freescale/KSDK_1.2.0/examples/frdmk64f/demo_apps/usb/device/hid/hhkb/bm/kds/../../../../../../../../../lib/ksdk_platform_lib/kds/K64F12/debug/libksdk_platform.a(fsl_os_abstraction_bm.o)
                0x00003768                OSA_MemAllocZero
 .text.OSA_MemFree
                0x00003770        0xa /opt/Freescale/KSDK_1.2.0/examples/frdmk64f/demo_apps/usb/device/hid/hhkb/bm/kds/../../../../../../../../../lib/ksdk_platform_lib/kds/K64F12/debug/libksdk_platform.a(fsl_os_abstraction_bm.o)
                0x00003770                OSA_MemFree
 *fill*         0x0000377a        0x2 
 .text.OSA_TimeGetMsec
                0x0000377c        0xc /opt/Freescale/KSDK_1.2.0/examples/frdmk64f/demo_apps/usb/device/hid/hhkb/bm/kds/../../../../../../../../../lib/ksdk_platform_lib/kds/K64F12/debug/libksdk_platform.a(fsl_os_abstraction_bm.o)
                0x0000377c                OSA_TimeGetMsec
 .text.OSA_MutexLock
                0x00003788       0x84 /opt/Freescale/KSDK_1.2.0/examples/frdmk64f/demo_apps/usb/device/hid/hhkb/bm/kds/../../../../../../../../../lib/ksdk_platform_lib/kds/K64F12/debug/libksdk_platform.a(fsl_os_abstraction_bm.o)
                0x00003788                OSA_MutexLock
 .text.OSA_InstallIntHandler
                0x0000380c        0x6 /opt/Freescale/KSDK_1.2.0/examples/frdmk64f/demo_apps/usb/device/hid/hhkb/bm/kds/../../../../../../../../../lib/ksdk_platform_lib/kds/K64F12/debug/libksdk_platform.a(fsl_os_abstraction_bm.o)
                0x0000380c                OSA_InstallIntHandler
 .text.OSA_EnterCritical
                0x00003812        0xa /opt/Freescale/KSDK_1.2.0/examples/frdmk64f/demo_apps/usb/device/hid/hhkb/bm/kds/../../../../../../../../../lib/ksdk_platform_lib/kds/K64F12/debug/libksdk_platform.a(fsl_os_abstraction_bm.o)
                0x00003812                OSA_EnterCritical
 .text.OSA_ExitCritical
                0x0000381c        0xa /opt/Freescale/KSDK_1.2.0/examples/frdmk64f/demo_apps/usb/device/hid/hhkb/bm/kds/../../../../../../../../../lib/ksdk_platform_lib/kds/K64F12/debug/libksdk_platform.a(fsl_os_abstraction_bm.o)
                0x0000381c                OSA_ExitCritical
 .text.OSA_Init
                0x00003826        0xe /opt/Freescale/KSDK_1.2.0/examples/frdmk64f/demo_apps/usb/device/hid/hhkb/bm/kds/../../../../../../../../../lib/ksdk_platform_lib/kds/K64F12/debug/libksdk_platform.a(fsl_os_abstraction_bm.o)
                0x00003826                OSA_Init
 .text.OSA_Start
                0x00003834       0x20 /opt/Freescale/KSDK_1.2.0/examples/frdmk64f/demo_apps/usb/device/hid/hhkb/bm/kds/../../../../../../../../../lib/ksdk_platform_lib/kds/K64F12/debug/libksdk_platform.a(fsl_os_abstraction_bm.o)
                0x00003834                OSA_Start
 .text.OSC_HAL_SetCapacitor
                0x00003854        0xe /opt/Freescale/KSDK_1.2.0/examples/frdmk64f/demo_apps/usb/device/hid/hhkb/bm/kds/../../../../../../../../../lib/ksdk_platform_lib/kds/K64F12/debug/libksdk_platform.a(fsl_osc_hal.o)
                0x00003854                OSC_HAL_SetCapacitor
 *fill*         0x00003862        0x2 
 .text.CLOCK_HAL_TestOscFreq
                0x00003864       0x28 /opt/Freescale/KSDK_1.2.0/examples/frdmk64f/demo_apps/usb/device/hid/hhkb/bm/kds/../../../../../../../../../lib/ksdk_platform_lib/kds/K64F12/debug/libksdk_platform.a(fsl_mcg_hal.o)
                0x00003864                CLOCK_HAL_TestOscFreq
 .text.CLOCK_HAL_GetMcgExternalClkFreq
                0x0000388c        0xa /opt/Freescale/KSDK_1.2.0/examples/frdmk64f/demo_apps/usb/device/hid/hhkb/bm/kds/../../../../../../../../../lib/ksdk_platform_lib/kds/K64F12/debug/libksdk_platform.a(fsl_mcg_hal.o)
 .text.CLOCK_HAL_TestFllExternalRefFreq
                0x00003896       0x32 /opt/Freescale/KSDK_1.2.0/examples/frdmk64f/demo_apps/usb/device/hid/hhkb/bm/kds/../../../../../../../../../lib/ksdk_platform_lib/kds/K64F12/debug/libksdk_platform.a(fsl_mcg_hal.o)
                0x00003896                CLOCK_HAL_TestFllExternalRefFreq
 .text.CLOCK_HAL_GetFllRefClk
                0x000038c8       0x3c /opt/Freescale/KSDK_1.2.0/examples/frdmk64f/demo_apps/usb/device/hid/hhkb/bm/kds/../../../../../../../../../lib/ksdk_platform_lib/kds/K64F12/debug/libksdk_platform.a(fsl_mcg_hal.o)
                0x000038c8                CLOCK_HAL_GetFllRefClk
 .text.CLOCK_HAL_TestFllFreq
                0x00003904       0x34 /opt/Freescale/KSDK_1.2.0/examples/frdmk64f/demo_apps/usb/device/hid/hhkb/bm/kds/../../../../../../../../../lib/ksdk_platform_lib/kds/K64F12/debug/libksdk_platform.a(fsl_mcg_hal.o)
                0x00003904                CLOCK_HAL_TestFllFreq
 .text.CLOCK_HAL_GetFllClk
                0x00003938       0x36 /opt/Freescale/KSDK_1.2.0/examples/frdmk64f/demo_apps/usb/device/hid/hhkb/bm/kds/../../../../../../../../../lib/ksdk_platform_lib/kds/K64F12/debug/libksdk_platform.a(fsl_mcg_hal.o)
                0x00003938                CLOCK_HAL_GetFllClk
 .text.CLOCK_HAL_UpdateFastClkInternalRefDiv
                0x0000396e       0x58 /opt/Freescale/KSDK_1.2.0/examples/frdmk64f/demo_apps/usb/device/hid/hhkb/bm/kds/../../../../../../../../../lib/ksdk_platform_lib/kds/K64F12/debug/libksdk_platform.a(fsl_mcg_hal.o)
                0x0000396e                CLOCK_HAL_UpdateFastClkInternalRefDiv
 .text.CLOCK_HAL_GetPll0Clk
                0x000039c6       0x3e /opt/Freescale/KSDK_1.2.0/examples/frdmk64f/demo_apps/usb/device/hid/hhkb/bm/kds/../../../../../../../../../lib/ksdk_platform_lib/kds/K64F12/debug/libksdk_platform.a(fsl_mcg_hal.o)
                0x000039c6                CLOCK_HAL_GetPll0Clk
 .text.CLOCK_HAL_EnablePll0InFllMode
                0x00003a04       0x3a /opt/Freescale/KSDK_1.2.0/examples/frdmk64f/demo_apps/usb/device/hid/hhkb/bm/kds/../../../../../../../../../lib/ksdk_platform_lib/kds/K64F12/debug/libksdk_platform.a(fsl_mcg_hal.o)
                0x00003a04                CLOCK_HAL_EnablePll0InFllMode
 *fill*         0x00003a3e        0x2 
 .text.CLOCK_HAL_GetInternalRefClk
                0x00003a40       0x3c /opt/Freescale/KSDK_1.2.0/examples/frdmk64f/demo_apps/usb/device/hid/hhkb/bm/kds/../../../../../../../../../lib/ksdk_platform_lib/kds/K64F12/debug/libksdk_platform.a(fsl_mcg_hal.o)
                0x00003a40                CLOCK_HAL_GetInternalRefClk
 .text.CLOCK_HAL_GetOutClk
                0x00003a7c       0x22 /opt/Freescale/KSDK_1.2.0/examples/frdmk64f/demo_apps/usb/device/hid/hhkb/bm/kds/../../../../../../../../../lib/ksdk_platform_lib/kds/K64F12/debug/libksdk_platform.a(fsl_mcg_hal.o)
                0x00003a7c                CLOCK_HAL_GetOutClk
 .text.CLOCK_HAL_SetOsc0Mode
                0x00003a9e       0x24 /opt/Freescale/KSDK_1.2.0/examples/frdmk64f/demo_apps/usb/device/hid/hhkb/bm/kds/../../../../../../../../../lib/ksdk_platform_lib/kds/K64F12/debug/libksdk_platform.a(fsl_mcg_hal.o)
                0x00003a9e                CLOCK_HAL_SetOsc0Mode
 .text.CLOCK_HAL_PrepareOsc
                0x00003ac2       0x2c /opt/Freescale/KSDK_1.2.0/examples/frdmk64f/demo_apps/usb/device/hid/hhkb/bm/kds/../../../../../../../../../lib/ksdk_platform_lib/kds/K64F12/debug/libksdk_platform.a(fsl_mcg_hal_modes.o)
 .text.CLOCK_HAL_GetMcgMode
                0x00003aee       0x76 /opt/Freescale/KSDK_1.2.0/examples/frdmk64f/demo_apps/usb/device/hid/hhkb/bm/kds/../../../../../../../../../lib/ksdk_platform_lib/kds/K64F12/debug/libksdk_platform.a(fsl_mcg_hal_modes.o)
                0x00003aee                CLOCK_HAL_GetMcgMode
 .text.CLOCK_HAL_SetFbiMode
                0x00003b64       0xbc /opt/Freescale/KSDK_1.2.0/examples/frdmk64f/demo_apps/usb/device/hid/hhkb/bm/kds/../../../../../../../../../lib/ksdk_platform_lib/kds/K64F12/debug/libksdk_platform.a(fsl_mcg_hal_modes.o)
                0x00003b64                CLOCK_HAL_SetFbiMode
 .text.CLOCK_HAL_SetFbeMode
                0x00003c20       0xf4 /opt/Freescale/KSDK_1.2.0/examples/frdmk64f/demo_apps/usb/device/hid/hhkb/bm/kds/../../../../../../../../../lib/ksdk_platform_lib/kds/K64F12/debug/libksdk_platform.a(fsl_mcg_hal_modes.o)
                0x00003c20                CLOCK_HAL_SetFbeMode
 .text.CLOCK_HAL_SetPbeMode
                0x00003d14       0xd0 /opt/Freescale/KSDK_1.2.0/examples/frdmk64f/demo_apps/usb/device/hid/hhkb/bm/kds/../../../../../../../../../lib/ksdk_platform_lib/kds/K64F12/debug/libksdk_platform.a(fsl_mcg_hal_modes.o)
                0x00003d14                CLOCK_HAL_SetPbeMode
 .text.LPTMR_HAL_SetTimerWorkingMode
                0x00003de4       0x40 /opt/Freescale/KSDK_1.2.0/examples/frdmk64f/demo_apps/usb/device/hid/hhkb/bm/kds/../../../../../../../../../lib/ksdk_platform_lib/kds/K64F12/debug/libksdk_platform.a(fsl_lptmr_hal.o)
                0x00003de4                LPTMR_HAL_SetTimerWorkingMode
 .text.LPTMR_HAL_SetPrescalerMode
                0x00003e24       0x1c /opt/Freescale/KSDK_1.2.0/examples/frdmk64f/demo_apps/usb/device/hid/hhkb/bm/kds/../../../../../../../../../lib/ksdk_platform_lib/kds/K64F12/debug/libksdk_platform.a(fsl_lptmr_hal.o)
                0x00003e24                LPTMR_HAL_SetPrescalerMode
 .text.LPTMR_HAL_GetCounterValue
                0x00003e40        0xe /opt/Freescale/KSDK_1.2.0/examples/frdmk64f/demo_apps/usb/device/hid/hhkb/bm/kds/../../../../../../../../../lib/ksdk_platform_lib/kds/K64F12/debug/libksdk_platform.a(fsl_lptmr_hal.o)
                0x00003e40                LPTMR_HAL_GetCounterValue
 *fill*         0x00003e4e        0x2 
 .text.INT_SYS_InstallHandler
                0x00003e50       0x48 /opt/Freescale/KSDK_1.2.0/examples/frdmk64f/demo_apps/usb/device/hid/hhkb/bm/kds/../../../../../../../../../lib/ksdk_platform_lib/kds/K64F12/debug/libksdk_platform.a(fsl_interrupt_manager.o)
                0x00003e50                INT_SYS_InstallHandler
 .text.INT_SYS_EnableIRQGlobal
                0x00003e98       0x14 /opt/Freescale/KSDK_1.2.0/examples/frdmk64f/demo_apps/usb/device/hid/hhkb/bm/kds/../../../../../../../../../lib/ksdk_platform_lib/kds/K64F12/debug/libksdk_platform.a(fsl_interrupt_manager.o)
                0x00003e98                INT_SYS_EnableIRQGlobal
 .text.INT_SYS_DisableIRQGlobal
                0x00003eac       0x10 /opt/Freescale/KSDK_1.2.0/examples/frdmk64f/demo_apps/usb/device/hid/hhkb/bm/kds/../../../../../../../../../lib/ksdk_platform_lib/kds/K64F12/debug/libksdk_platform.a(fsl_interrupt_manager.o)
                0x00003eac                INT_SYS_DisableIRQGlobal
 .text.GPIO_HAL_SetPinDir
                0x00003ebc       0x3c /opt/Freescale/KSDK_1.2.0/examples/frdmk64f/demo_apps/usb/device/hid/hhkb/bm/kds/../../../../../../../../../lib/ksdk_platform_lib/kds/K64F12/debug/libksdk_platform.a(fsl_gpio_hal.o)
                0x00003ebc                GPIO_HAL_SetPinDir
 .text.GPIO_HAL_WritePinOutput
                0x00003ef8       0x30 /opt/Freescale/KSDK_1.2.0/examples/frdmk64f/demo_apps/usb/device/hid/hhkb/bm/kds/../../../../../../../../../lib/ksdk_platform_lib/kds/K64F12/debug/libksdk_platform.a(fsl_gpio_hal.o)
                0x00003ef8                GPIO_HAL_WritePinOutput
 .text.__assert_func
                0x00003f28       0x38 /opt/Freescale/KDS_3.0.0/toolchain/bin/../lib/gcc/arm-none-eabi/4.8.4/../../../../arm-none-eabi/lib/armv7e-m/fpu/libg_s.a(lib_a-assert.o)
                0x00003f28                __assert_func
 .text.calloc   0x00003f60       0x14 /opt/Freescale/KDS_3.0.0/toolchain/bin/../lib/gcc/arm-none-eabi/4.8.4/../../../../arm-none-eabi/lib/armv7e-m/fpu/libg_s.a(lib_a-calloc.o)
                0x00003f60                calloc
 .text.__errno  0x00003f74        0xc /opt/Freescale/KDS_3.0.0/toolchain/bin/../lib/gcc/arm-none-eabi/4.8.4/../../../../arm-none-eabi/lib/armv7e-m/fpu/libg_s.a(lib_a-errno.o)
                0x00003f74                __errno
 .text.exit     0x00003f80       0x28 /opt/Freescale/KDS_3.0.0/toolchain/bin/../lib/gcc/arm-none-eabi/4.8.4/../../../../arm-none-eabi/lib/armv7e-m/fpu/libg_s.a(lib_a-exit.o)
                0x00003f80                exit
 .text.fprintf  0x00003fa8       0x24 /opt/Freescale/KDS_3.0.0/toolchain/bin/../lib/gcc/arm-none-eabi/4.8.4/../../../../arm-none-eabi/lib/armv7e-m/fpu/libg_s.a(lib_a-fprintf.o)
                0x00003fa8                fprintf
                0x00003fa8                fiprintf
 .text.__libc_init_array
                0x00003fcc       0x4c /opt/Freescale/KDS_3.0.0/toolchain/bin/../lib/gcc/arm-none-eabi/4.8.4/../../../../arm-none-eabi/lib/armv7e-m/fpu/libg_s.a(lib_a-init.o)
                0x00003fcc                __libc_init_array
 .text.free     0x00004018       0x10 /opt/Freescale/KDS_3.0.0/toolchain/bin/../lib/gcc/arm-none-eabi/4.8.4/../../../../arm-none-eabi/lib/armv7e-m/fpu/libg_s.a(lib_a-malloc.o)
                0x00004018                free
 .text.memcpy   0x00004028       0x12 /opt/Freescale/KDS_3.0.0/toolchain/bin/../lib/gcc/arm-none-eabi/4.8.4/../../../../arm-none-eabi/lib/armv7e-m/fpu/libg_s.a(lib_a-memcpy-stub.o)
                0x00004028                memcpy
 .text.memset   0x0000403a       0x10 /opt/Freescale/KDS_3.0.0/toolchain/bin/../lib/gcc/arm-none-eabi/4.8.4/../../../../arm-none-eabi/lib/armv7e-m/fpu/libg_s.a(lib_a-memset.o)
                0x0000403a                memset
 .text._calloc_r
                0x0000404a       0x1c /opt/Freescale/KDS_3.0.0/toolchain/bin/../lib/gcc/arm-none-eabi/4.8.4/../../../../arm-none-eabi/lib/armv7e-m/fpu/libg_s.a(lib_a-nano-callocr.o)
                0x0000404a                _calloc_r
 *fill*         0x00004066        0x2 
 .text._free_r  0x00004068       0x88 /opt/Freescale/KDS_3.0.0/toolchain/bin/../lib/gcc/arm-none-eabi/4.8.4/../../../../arm-none-eabi/lib/armv7e-m/fpu/libg_s.a(lib_a-nano-freer.o)
                0x00004068                _free_r
 .text._malloc_r
                0x000040f0       0xa8 /opt/Freescale/KDS_3.0.0/toolchain/bin/../lib/gcc/arm-none-eabi/4.8.4/../../../../arm-none-eabi/lib/armv7e-m/fpu/libg_s.a(lib_a-nano-mallocr.o)
                0x000040f0                _malloc_r
 .text._sbrk_r  0x00004198       0x20 /opt/Freescale/KDS_3.0.0/toolchain/bin/../lib/gcc/arm-none-eabi/4.8.4/../../../../arm-none-eabi/lib/armv7e-m/fpu/libg_s.a(lib_a-sbrkr.o)
                0x00004198                _sbrk_r
 .text.strlen   0x000041b8       0x10 /opt/Freescale/KDS_3.0.0/toolchain/bin/../lib/gcc/arm-none-eabi/4.8.4/../../../../arm-none-eabi/lib/armv7e-m/fpu/libg_s.a(lib_a-strlen.o)
                0x000041b8                strlen
 .text.__sfputc_r
                0x000041c8       0x2c /opt/Freescale/KDS_3.0.0/toolchain/bin/../lib/gcc/arm-none-eabi/4.8.4/../../../../arm-none-eabi/lib/armv7e-m/fpu/libg_s.a(lib_a-vfprintf.o)
 .text.__sfputs_r
                0x000041f4       0x24 /opt/Freescale/KDS_3.0.0/toolchain/bin/../lib/gcc/arm-none-eabi/4.8.4/../../../../arm-none-eabi/lib/armv7e-m/fpu/libg_s.a(lib_a-vfprintf.o)
                0x000041f4                __sfputs_r
 .text._vfprintf_r
                0x00004218      0x208 /opt/Freescale/KDS_3.0.0/toolchain/bin/../lib/gcc/arm-none-eabi/4.8.4/../../../../arm-none-eabi/lib/armv7e-m/fpu/libg_s.a(lib_a-vfprintf.o)
                0x00004218                _vfiprintf_r
                0x00004218                _vfprintf_r
 .text._printf_common
                0x00004420       0xe4 /opt/Freescale/KDS_3.0.0/toolchain/bin/../lib/gcc/arm-none-eabi/4.8.4/../../../../arm-none-eabi/lib/armv7e-m/fpu/libg_s.a(lib_a-vfprintf_i.o)
                0x00004420                _printf_common
 .text._printf_i
                0x00004504      0x228 /opt/Freescale/KDS_3.0.0/toolchain/bin/../lib/gcc/arm-none-eabi/4.8.4/../../../../arm-none-eabi/lib/armv7e-m/fpu/libg_s.a(lib_a-vfprintf_i.o)
                0x00004504                _printf_i
 .text.__swbuf_r
                0x0000472c       0xa8 /opt/Freescale/KDS_3.0.0/toolchain/bin/../lib/gcc/arm-none-eabi/4.8.4/../../../../arm-none-eabi/lib/armv7e-m/fpu/libg_s.a(lib_a-wbuf.o)
                0x0000472c                __swbuf_r
 .text.__swsetup_r
                0x000047d4       0xdc /opt/Freescale/KDS_3.0.0/toolchain/bin/../lib/gcc/arm-none-eabi/4.8.4/../../../../arm-none-eabi/lib/armv7e-m/fpu/libg_s.a(lib_a-wsetup.o)
                0x000047d4                __swsetup_r
 .text.abort    0x000048b0        0xe /opt/Freescale/KDS_3.0.0/toolchain/bin/../lib/gcc/arm-none-eabi/4.8.4/../../../../arm-none-eabi/lib/armv7e-m/fpu/libg_s.a(lib_a-abort.o)
                0x000048b0                abort
 .text.__sflush_r
                0x000048be      0x106 /opt/Freescale/KDS_3.0.0/toolchain/bin/../lib/gcc/arm-none-eabi/4.8.4/../../../../arm-none-eabi/lib/armv7e-m/fpu/libg_s.a(lib_a-fflush.o)
                0x000048be                __sflush_r
 .text._fflush_r
                0x000049c4       0x54 /opt/Freescale/KDS_3.0.0/toolchain/bin/../lib/gcc/arm-none-eabi/4.8.4/../../../../arm-none-eabi/lib/armv7e-m/fpu/libg_s.a(lib_a-fflush.o)
                0x000049c4                _fflush_r
 .text._cleanup_r
                0x00004a18       0x32 /opt/Freescale/KDS_3.0.0/toolchain/bin/../lib/gcc/arm-none-eabi/4.8.4/../../../../arm-none-eabi/lib/armv7e-m/fpu/libg_s.a(lib_a-findfp.o)
                0x00004a18                _cleanup_r
 *fill*         0x00004a4a        0x2 
 .text.std.isra.0
                0x00004a4c       0x48 /opt/Freescale/KDS_3.0.0/toolchain/bin/../lib/gcc/arm-none-eabi/4.8.4/../../../../arm-none-eabi/lib/armv7e-m/fpu/libg_s.a(lib_a-findfp.o)
 .text.__sfmoreglue
                0x00004a94       0x2c /opt/Freescale/KDS_3.0.0/toolchain/bin/../lib/gcc/arm-none-eabi/4.8.4/../../../../arm-none-eabi/lib/armv7e-m/fpu/libg_s.a(lib_a-findfp.o)
                0x00004a94                __sfmoreglue
 .text.__sinit  0x00004ac0       0x60 /opt/Freescale/KDS_3.0.0/toolchain/bin/../lib/gcc/arm-none-eabi/4.8.4/../../../../arm-none-eabi/lib/armv7e-m/fpu/libg_s.a(lib_a-findfp.o)
                0x00004ac0                __sinit
 .text.__sfp    0x00004b20       0x74 /opt/Freescale/KDS_3.0.0/toolchain/bin/../lib/gcc/arm-none-eabi/4.8.4/../../../../arm-none-eabi/lib/armv7e-m/fpu/libg_s.a(lib_a-findfp.o)
                0x00004b20                __sfp
 .text.__smakebuf_r
                0x00004b94       0x9c /opt/Freescale/KDS_3.0.0/toolchain/bin/../lib/gcc/arm-none-eabi/4.8.4/../../../../arm-none-eabi/lib/armv7e-m/fpu/libg_s.a(lib_a-makebuf.o)
                0x00004b94                __smakebuf_r
 .text.memchr   0x00004c30       0x1e /opt/Freescale/KDS_3.0.0/toolchain/bin/../lib/gcc/arm-none-eabi/4.8.4/../../../../arm-none-eabi/lib/armv7e-m/fpu/libg_s.a(lib_a-memchr-stub.o)
                0x00004c30                memchr
 .text._raise_r
                0x00004c4e       0x50 /opt/Freescale/KDS_3.0.0/toolchain/bin/../lib/gcc/arm-none-eabi/4.8.4/../../../../arm-none-eabi/lib/armv7e-m/fpu/libg_s.a(lib_a-signal.o)
                0x00004c4e                _raise_r
 *fill*         0x00004c9e        0x2 
 .text.raise    0x00004ca0       0x10 /opt/Freescale/KDS_3.0.0/toolchain/bin/../lib/gcc/arm-none-eabi/4.8.4/../../../../arm-none-eabi/lib/armv7e-m/fpu/libg_s.a(lib_a-signal.o)
                0x00004ca0                raise
 .text._kill_r  0x00004cb0       0x24 /opt/Freescale/KDS_3.0.0/toolchain/bin/../lib/gcc/arm-none-eabi/4.8.4/../../../../arm-none-eabi/lib/armv7e-m/fpu/libg_s.a(lib_a-signalr.o)
                0x00004cb0                _kill_r
 .text._getpid_r
                0x00004cd4        0x4 /opt/Freescale/KDS_3.0.0/toolchain/bin/../lib/gcc/arm-none-eabi/4.8.4/../../../../arm-none-eabi/lib/armv7e-m/fpu/libg_s.a(lib_a-signalr.o)
                0x00004cd4                _getpid_r
 .text.__sread  0x00004cd8       0x22 /opt/Freescale/KDS_3.0.0/toolchain/bin/../lib/gcc/arm-none-eabi/4.8.4/../../../../arm-none-eabi/lib/armv7e-m/fpu/libg_s.a(lib_a-stdio.o)
                0x00004cd8                __sread
 .text.__swrite
                0x00004cfa       0x38 /opt/Freescale/KDS_3.0.0/toolchain/bin/../lib/gcc/arm-none-eabi/4.8.4/../../../../arm-none-eabi/lib/armv7e-m/fpu/libg_s.a(lib_a-stdio.o)
                0x00004cfa                __swrite
 .text.__sseek  0x00004d32       0x24 /opt/Freescale/KDS_3.0.0/toolchain/bin/../lib/gcc/arm-none-eabi/4.8.4/../../../../arm-none-eabi/lib/armv7e-m/fpu/libg_s.a(lib_a-stdio.o)
                0x00004d32                __sseek
 .text.__sclose
                0x00004d56        0x8 /opt/Freescale/KDS_3.0.0/toolchain/bin/../lib/gcc/arm-none-eabi/4.8.4/../../../../arm-none-eabi/lib/armv7e-m/fpu/libg_s.a(lib_a-stdio.o)
                0x00004d56                __sclose
 *fill*         0x00004d5e        0x2 
 .text._write_r
                0x00004d60       0x24 /opt/Freescale/KDS_3.0.0/toolchain/bin/../lib/gcc/arm-none-eabi/4.8.4/../../../../arm-none-eabi/lib/armv7e-m/fpu/libg_s.a(lib_a-writer.o)
                0x00004d60                _write_r
 .text._close_r
                0x00004d84       0x20 /opt/Freescale/KDS_3.0.0/toolchain/bin/../lib/gcc/arm-none-eabi/4.8.4/../../../../arm-none-eabi/lib/armv7e-m/fpu/libg_s.a(lib_a-closer.o)
                0x00004d84                _close_r
 .text._fstat_r
                0x00004da4       0x24 /opt/Freescale/KDS_3.0.0/toolchain/bin/../lib/gcc/arm-none-eabi/4.8.4/../../../../arm-none-eabi/lib/armv7e-m/fpu/libg_s.a(lib_a-fstatr.o)
                0x00004da4                _fstat_r
 .text._isatty_r
                0x00004dc8       0x20 /opt/Freescale/KDS_3.0.0/toolchain/bin/../lib/gcc/arm-none-eabi/4.8.4/../../../../arm-none-eabi/lib/armv7e-m/fpu/libg_s.a(lib_a-isattyr.o)
                0x00004dc8                _isatty_r
 .text._lseek_r
                0x00004de8       0x24 /opt/Freescale/KDS_3.0.0/toolchain/bin/../lib/gcc/arm-none-eabi/4.8.4/../../../../arm-none-eabi/lib/armv7e-m/fpu/libg_s.a(lib_a-lseekr.o)
                0x00004de8                _lseek_r
 .text._read_r  0x00004e0c       0x24 /opt/Freescale/KDS_3.0.0/toolchain/bin/../lib/gcc/arm-none-eabi/4.8.4/../../../../arm-none-eabi/lib/armv7e-m/fpu/libg_s.a(lib_a-readr.o)
                0x00004e0c                _read_r
 .text._close   0x00004e30       0x10 /opt/Freescale/KDS_3.0.0/toolchain/bin/../lib/gcc/arm-none-eabi/4.8.4/../../../../arm-none-eabi/lib/armv7e-m/fpu/libnosys.a(close.o)
                0x00004e30                _close
 .text._fstat   0x00004e40       0x10 /opt/Freescale/KDS_3.0.0/toolchain/bin/../lib/gcc/arm-none-eabi/4.8.4/../../../../arm-none-eabi/lib/armv7e-m/fpu/libnosys.a(fstat.o)
                0x00004e40                _fstat
 .text._getpid  0x00004e50       0x10 /opt/Freescale/KDS_3.0.0/toolchain/bin/../lib/gcc/arm-none-eabi/4.8.4/../../../../arm-none-eabi/lib/armv7e-m/fpu/libnosys.a(getpid.o)
                0x00004e50                _getpid
 .text._isatty  0x00004e60       0x10 /opt/Freescale/KDS_3.0.0/toolchain/bin/../lib/gcc/arm-none-eabi/4.8.4/../../../../arm-none-eabi/lib/armv7e-m/fpu/libnosys.a(isatty.o)
                0x00004e60                _isatty
 .text._kill    0x00004e70       0x10 /opt/Freescale/KDS_3.0.0/toolchain/bin/../lib/gcc/arm-none-eabi/4.8.4/../../../../arm-none-eabi/lib/armv7e-m/fpu/libnosys.a(kill.o)
                0x00004e70                _kill
 .text._lseek   0x00004e80       0x10 /opt/Freescale/KDS_3.0.0/toolchain/bin/../lib/gcc/arm-none-eabi/4.8.4/../../../../arm-none-eabi/lib/armv7e-m/fpu/libnosys.a(lseek.o)
                0x00004e80                _lseek
 .text._exit    0x00004e90        0x4 /opt/Freescale/KDS_3.0.0/toolchain/bin/../lib/gcc/arm-none-eabi/4.8.4/../../../../arm-none-eabi/lib/armv7e-m/fpu/libnosys.a(_exit.o)
                0x00004e90                _exit
 *(.rodata)
 .rodata        0x00004e94       0x18 ./utilities/fsl_debug_console.o
 .rodata        0x00004eac        0xc ./board/board.o
 *(.rodata*)
 .rodata.str1.1
                0x00004eb8       0x19 ./sources/keyboard.o
 *fill*         0x00004ed1        0x1 
 .rodata.g_defaultClockConfigRun
                0x00004ed2       0x16 ./board/board.o
                0x00004ed2                g_defaultClockConfigRun
 .rodata.ledPins
                0x00004ee8       0x30 ./board/gpio_pins.o
                0x00004ee8                ledPins
 .rodata.str1.1
                0x00004f18       0x2c /opt/Freescale/KSDK_1.2.0/examples/frdmk64f/demo_apps/usb/device/hid/hhkb/bm/kds/../../../../../../../../../usb/usb_core/device/build/kds/usbd_sdk_frdmk64f_bm/debug/libusbd_bm.a(usb_hid.o)
 .rodata.str1.1
                0x00004f44      0x48c /opt/Freescale/KSDK_1.2.0/examples/frdmk64f/demo_apps/usb/device/hid/hhkb/bm/kds/../../../../../../../../../usb/usb_core/device/build/kds/usbd_sdk_frdmk64f_bm/debug/libusbd_bm.a(usb_dev.o)
 .rodata.str1.1
                0x000053d0       0x53 /opt/Freescale/KSDK_1.2.0/examples/frdmk64f/demo_apps/usb/device/hid/hhkb/bm/kds/../../../../../../../../../usb/usb_core/device/build/kds/usbd_sdk_frdmk64f_bm/debug/libusbd_bm.a(usb_framework.o)
 *fill*         0x00005423        0x1 
 .rodata.g_standard_request
                0x00005424       0x34 /opt/Freescale/KSDK_1.2.0/examples/frdmk64f/demo_apps/usb/device/hid/hhkb/bm/kds/../../../../../../../../../usb/usb_core/device/build/kds/usbd_sdk_frdmk64f_bm/debug/libusbd_bm.a(usb_framework.o)
 .rodata.g_validate_request
                0x00005458       0x27 /opt/Freescale/KSDK_1.2.0/examples/frdmk64f/demo_apps/usb/device/hid/hhkb/bm/kds/../../../../../../../../../usb/usb_core/device/build/kds/usbd_sdk_frdmk64f_bm/debug/libusbd_bm.a(usb_framework.o)
 *fill*         0x0000547f        0x1 
 .rodata._usb_khci_dev_function_table
                0x00005480       0x50 /opt/Freescale/KSDK_1.2.0/examples/frdmk64f/demo_apps/usb/device/hid/hhkb/bm/kds/../../../../../../../../../usb/usb_core/device/build/kds/usbd_sdk_frdmk64f_bm/debug/libusbd_bm.a(device_khci_interface.o)
                0x00005480                _usb_khci_dev_function_table
 .rodata.__func__.7997
                0x000054d0       0x1a /opt/Freescale/KSDK_1.2.0/examples/frdmk64f/demo_apps/usb/device/hid/hhkb/bm/kds/../../../../../../../../../lib/ksdk_platform_lib/kds/K64F12/debug/libksdk_platform.a(fsl_lptmr_driver.o)
 .rodata.__func__.7972
                0x000054ea       0x1b /opt/Freescale/KSDK_1.2.0/examples/frdmk64f/demo_apps/usb/device/hid/hhkb/bm/kds/../../../../../../../../../lib/ksdk_platform_lib/kds/K64F12/debug/libksdk_platform.a(fsl_lptmr_driver.o)
 .rodata.__func__.8001
                0x00005505       0x15 /opt/Freescale/KSDK_1.2.0/examples/frdmk64f/demo_apps/usb/device/hid/hhkb/bm/kds/../../../../../../../../../lib/ksdk_platform_lib/kds/K64F12/debug/libksdk_platform.a(fsl_lptmr_driver.o)
 .rodata.str1.1
                0x0000551a      0x11d /opt/Freescale/KSDK_1.2.0/examples/frdmk64f/demo_apps/usb/device/hid/hhkb/bm/kds/../../../../../../../../../lib/ksdk_platform_lib/kds/K64F12/debug/libksdk_platform.a(fsl_lptmr_driver.o)
 .rodata.__func__.7949
                0x00005637        0xf /opt/Freescale/KSDK_1.2.0/examples/frdmk64f/demo_apps/usb/device/hid/hhkb/bm/kds/../../../../../../../../../lib/ksdk_platform_lib/kds/K64F12/debug/libksdk_platform.a(fsl_lptmr_driver.o)
 .rodata.__func__.6912
                0x00005646       0x12 /opt/Freescale/KSDK_1.2.0/examples/frdmk64f/demo_apps/usb/device/hid/hhkb/bm/kds/../../../../../../../../../lib/ksdk_platform_lib/kds/K64F12/debug/libksdk_platform.a(fsl_lptmr_driver.o)
 .rodata.__func__.7961
                0x00005658       0x10 /opt/Freescale/KSDK_1.2.0/examples/frdmk64f/demo_apps/usb/device/hid/hhkb/bm/kds/../../../../../../../../../lib/ksdk_platform_lib/kds/K64F12/debug/libksdk_platform.a(fsl_lptmr_driver.o)
 .rodata.__func__.6916
                0x00005668       0x13 /opt/Freescale/KSDK_1.2.0/examples/frdmk64f/demo_apps/usb/device/hid/hhkb/bm/kds/../../../../../../../../../lib/ksdk_platform_lib/kds/K64F12/debug/libksdk_platform.a(fsl_lptmr_driver.o)
 .rodata.__func__.6208
                0x0000567b       0x18 /opt/Freescale/KSDK_1.2.0/examples/frdmk64f/demo_apps/usb/device/hid/hhkb/bm/kds/../../../../../../../../../lib/ksdk_platform_lib/kds/K64F12/debug/libksdk_platform.a(fsl_gpio_driver.o)
 .rodata.__func__.6105
                0x00005693       0x14 /opt/Freescale/KSDK_1.2.0/examples/frdmk64f/demo_apps/usb/device/hid/hhkb/bm/kds/../../../../../../../../../lib/ksdk_platform_lib/kds/K64F12/debug/libksdk_platform.a(fsl_gpio_driver.o)
 .rodata.__func__.6213
                0x000056a7       0x19 /opt/Freescale/KSDK_1.2.0/examples/frdmk64f/demo_apps/usb/device/hid/hhkb/bm/kds/../../../../../../../../../lib/ksdk_platform_lib/kds/K64F12/debug/libksdk_platform.a(fsl_gpio_driver.o)
 .rodata.__func__.6237
                0x000056c0       0x16 /opt/Freescale/KSDK_1.2.0/examples/frdmk64f/demo_apps/usb/device/hid/hhkb/bm/kds/../../../../../../../../../lib/ksdk_platform_lib/kds/K64F12/debug/libksdk_platform.a(fsl_gpio_driver.o)
 .rodata.str1.1
                0x000056d6       0x71 /opt/Freescale/KSDK_1.2.0/examples/frdmk64f/demo_apps/usb/device/hid/hhkb/bm/kds/../../../../../../../../../lib/ksdk_platform_lib/kds/K64F12/debug/libksdk_platform.a(fsl_gpio_driver.o)
                                 0xe6 (size before relaxing)
 .rodata.__func__.7870
                0x00005747       0x12 /opt/Freescale/KSDK_1.2.0/examples/frdmk64f/demo_apps/usb/device/hid/hhkb/bm/kds/../../../../../../../../../lib/ksdk_platform_lib/kds/K64F12/debug/libksdk_platform.a(fsl_gpio_driver.o)
 .rodata.__func__.6203
                0x00005759       0x16 /opt/Freescale/KSDK_1.2.0/examples/frdmk64f/demo_apps/usb/device/hid/hhkb/bm/kds/../../../../../../../../../lib/ksdk_platform_lib/kds/K64F12/debug/libksdk_platform.a(fsl_gpio_driver.o)
 .rodata.__func__.7832
                0x0000576f       0x1a /opt/Freescale/KSDK_1.2.0/examples/frdmk64f/demo_apps/usb/device/hid/hhkb/bm/kds/../../../../../../../../../lib/ksdk_platform_lib/kds/K64F12/debug/libksdk_platform.a(fsl_clock_MK64F12.o)
 .rodata.uartGateTable
                0x00005789        0x6 /opt/Freescale/KSDK_1.2.0/examples/frdmk64f/demo_apps/usb/device/hid/hhkb/bm/kds/../../../../../../../../../lib/ksdk_platform_lib/kds/K64F12/debug/libksdk_platform.a(fsl_clock_MK64F12.o)
 .rodata.__func__.7754
                0x0000578f       0x1a /opt/Freescale/KSDK_1.2.0/examples/frdmk64f/demo_apps/usb/device/hid/hhkb/bm/kds/../../../../../../../../../lib/ksdk_platform_lib/kds/K64F12/debug/libksdk_platform.a(fsl_clock_MK64F12.o)
 .rodata.str1.1
                0x000057a9      0x1eb /opt/Freescale/KSDK_1.2.0/examples/frdmk64f/demo_apps/usb/device/hid/hhkb/bm/kds/../../../../../../../../../lib/ksdk_platform_lib/kds/K64F12/debug/libksdk_platform.a(fsl_clock_MK64F12.o)
 .rodata.portGateTable
                0x00005994        0x5 /opt/Freescale/KSDK_1.2.0/examples/frdmk64f/demo_apps/usb/device/hid/hhkb/bm/kds/../../../../../../../../../lib/ksdk_platform_lib/kds/K64F12/debug/libksdk_platform.a(fsl_clock_MK64F12.o)
 .rodata.__func__.7599
                0x00005999       0x1b /opt/Freescale/KSDK_1.2.0/examples/frdmk64f/demo_apps/usb/device/hid/hhkb/bm/kds/../../../../../../../../../lib/ksdk_platform_lib/kds/K64F12/debug/libksdk_platform.a(fsl_clock_MK64F12.o)
 .rodata.__func__.7985
                0x000059b4       0x12 /opt/Freescale/KSDK_1.2.0/examples/frdmk64f/demo_apps/usb/device/hid/hhkb/bm/kds/../../../../../../../../../lib/ksdk_platform_lib/kds/K64F12/debug/libksdk_platform.a(fsl_clock_manager.o)
 .rodata.__func__.8002
                0x000059c6       0x15 /opt/Freescale/KSDK_1.2.0/examples/frdmk64f/demo_apps/usb/device/hid/hhkb/bm/kds/../../../../../../../../../lib/ksdk_platform_lib/kds/K64F12/debug/libksdk_platform.a(fsl_clock_manager.o)
 .rodata.str1.1
                0x000059db       0xb1 /opt/Freescale/KSDK_1.2.0/examples/frdmk64f/demo_apps/usb/device/hid/hhkb/bm/kds/../../../../../../../../../lib/ksdk_platform_lib/kds/K64F12/debug/libksdk_platform.a(fsl_clock_manager.o)
 .rodata.g_oscBase
                0x00005a8c        0x4 /opt/Freescale/KSDK_1.2.0/examples/frdmk64f/demo_apps/usb/device/hid/hhkb/bm/kds/../../../../../../../../../lib/ksdk_platform_lib/kds/K64F12/debug/libksdk_platform.a(fsl_clock_manager_common.o)
                0x00005a8c                g_oscBase
 .rodata.__func__.7903
                0x00005a90        0xe /opt/Freescale/KSDK_1.2.0/examples/frdmk64f/demo_apps/usb/device/hid/hhkb/bm/kds/../../../../../../../../../lib/ksdk_platform_lib/kds/K64F12/debug/libksdk_platform.a(fsl_os_abstraction_bm.o)
 .rodata.__func__.7911
                0x00005a9e       0x11 /opt/Freescale/KSDK_1.2.0/examples/frdmk64f/demo_apps/usb/device/hid/hhkb/bm/kds/../../../../../../../../../lib/ksdk_platform_lib/kds/K64F12/debug/libksdk_platform.a(fsl_os_abstraction_bm.o)
 .rodata.__func__.7897
                0x00005aaf       0x10 /opt/Freescale/KSDK_1.2.0/examples/frdmk64f/demo_apps/usb/device/hid/hhkb/bm/kds/../../../../../../../../../lib/ksdk_platform_lib/kds/K64F12/debug/libksdk_platform.a(fsl_os_abstraction_bm.o)
 .rodata.str1.1
                0x00005abf       0x6d /opt/Freescale/KSDK_1.2.0/examples/frdmk64f/demo_apps/usb/device/hid/hhkb/bm/kds/../../../../../../../../../lib/ksdk_platform_lib/kds/K64F12/debug/libksdk_platform.a(fsl_os_abstraction_bm.o)
 .rodata.__func__.7907
                0x00005b2c       0x10 /opt/Freescale/KSDK_1.2.0/examples/frdmk64f/demo_apps/usb/device/hid/hhkb/bm/kds/../../../../../../../../../lib/ksdk_platform_lib/kds/K64F12/debug/libksdk_platform.a(fsl_os_abstraction_bm.o)
 .rodata.g_rtcBase
                0x00005b3c        0x4 /opt/Freescale/KSDK_1.2.0/examples/frdmk64f/demo_apps/usb/device/hid/hhkb/bm/kds/../../../../../../../../../lib/ksdk_platform_lib/kds/K64F12/debug/libksdk_platform.a(fsl_rtc_common.o)
                0x00005b3c                g_rtcBase
 .rodata.fllFactorTable.6324
                0x00005b40       0x10 /opt/Freescale/KSDK_1.2.0/examples/frdmk64f/demo_apps/usb/device/hid/hhkb/bm/kds/../../../../../../../../../lib/ksdk_platform_lib/kds/K64F12/debug/libksdk_platform.a(fsl_mcg_hal.o)
 .rodata.g_lptmrBase
                0x00005b50        0x4 /opt/Freescale/KSDK_1.2.0/examples/frdmk64f/demo_apps/usb/device/hid/hhkb/bm/kds/../../../../../../../../../lib/ksdk_platform_lib/kds/K64F12/debug/libksdk_platform.a(fsl_lptmr_common.o)
                0x00005b50                g_lptmrBase
 .rodata.g_lptmrIrqId
                0x00005b54        0x1 /opt/Freescale/KSDK_1.2.0/examples/frdmk64f/demo_apps/usb/device/hid/hhkb/bm/kds/../../../../../../../../../lib/ksdk_platform_lib/kds/K64F12/debug/libksdk_platform.a(fsl_lptmr_common.o)
                0x00005b54                g_lptmrIrqId
 .rodata.__func__.6063
                0x00005b55       0x17 /opt/Freescale/KSDK_1.2.0/examples/frdmk64f/demo_apps/usb/device/hid/hhkb/bm/kds/../../../../../../../../../lib/ksdk_platform_lib/kds/K64F12/debug/libksdk_platform.a(fsl_interrupt_manager.o)
 .rodata.str1.1
                0x00005b6c       0x7b /opt/Freescale/KSDK_1.2.0/examples/frdmk64f/demo_apps/usb/device/hid/hhkb/bm/kds/../../../../../../../../../lib/ksdk_platform_lib/kds/K64F12/debug/libksdk_platform.a(fsl_interrupt_manager.o)
                                 0xa6 (size before relaxing)
 .rodata.__func__.6103
                0x00005be7       0x13 /opt/Freescale/KSDK_1.2.0/examples/frdmk64f/demo_apps/usb/device/hid/hhkb/bm/kds/../../../../../../../../../lib/ksdk_platform_lib/kds/K64F12/debug/libksdk_platform.a(fsl_gpio_hal.o)
 .rodata.__func__.6109
                0x00005bfa       0x18 /opt/Freescale/KSDK_1.2.0/examples/frdmk64f/demo_apps/usb/device/hid/hhkb/bm/kds/../../../../../../../../../lib/ksdk_platform_lib/kds/K64F12/debug/libksdk_platform.a(fsl_gpio_hal.o)
 .rodata.str1.1
                0x00005c12       0x3f /opt/Freescale/KSDK_1.2.0/examples/frdmk64f/demo_apps/usb/device/hid/hhkb/bm/kds/../../../../../../../../../lib/ksdk_platform_lib/kds/K64F12/debug/libksdk_platform.a(fsl_gpio_hal.o)
                                 0x48 (size before relaxing)
 *fill*         0x00005c51        0x3 
 .rodata.g_gpioBase
                0x00005c54       0x14 /opt/Freescale/KSDK_1.2.0/examples/frdmk64f/demo_apps/usb/device/hid/hhkb/bm/kds/../../../../../../../../../lib/ksdk_platform_lib/kds/K64F12/debug/libksdk_platform.a(fsl_gpio_common.o)
                0x00005c54                g_gpioBase
 .rodata.g_portBase
                0x00005c68       0x14 /opt/Freescale/KSDK_1.2.0/examples/frdmk64f/demo_apps/usb/device/hid/hhkb/bm/kds/../../../../../../../../../lib/ksdk_platform_lib/kds/K64F12/debug/libksdk_platform.a(fsl_gpio_common.o)
                0x00005c68                g_portBase
 .rodata.g_portIrqId
                0x00005c7c        0x5 /opt/Freescale/KSDK_1.2.0/examples/frdmk64f/demo_apps/usb/device/hid/hhkb/bm/kds/../../../../../../../../../lib/ksdk_platform_lib/kds/K64F12/debug/libksdk_platform.a(fsl_gpio_common.o)
                0x00005c7c                g_portIrqId
 .rodata.str1.1
                0x00005c81       0x3c /opt/Freescale/KDS_3.0.0/toolchain/bin/../lib/gcc/arm-none-eabi/4.8.4/../../../../arm-none-eabi/lib/armv7e-m/fpu/libg_s.a(lib_a-assert.o)
                                 0x3d (size before relaxing)
 .rodata.str1.1
                0x00005cbd        0x2 /opt/Freescale/KDS_3.0.0/toolchain/bin/../lib/gcc/arm-none-eabi/4.8.4/../../../../arm-none-eabi/lib/armv7e-m/fpu/libg_s.a(lib_a-impure.o)
 *fill*         0x00005cbf        0x1 
 .rodata._global_impure_ptr
                0x00005cc0        0x4 /opt/Freescale/KDS_3.0.0/toolchain/bin/../lib/gcc/arm-none-eabi/4.8.4/../../../../arm-none-eabi/lib/armv7e-m/fpu/libg_s.a(lib_a-impure.o)
                0x00005cc0                _global_impure_ptr
 .rodata.str1.1
                0x00005cc4       0x11 /opt/Freescale/KDS_3.0.0/toolchain/bin/../lib/gcc/arm-none-eabi/4.8.4/../../../../arm-none-eabi/lib/armv7e-m/fpu/libg_s.a(lib_a-vfprintf.o)
 .rodata.str1.1
                0x00005cd5       0x22 /opt/Freescale/KDS_3.0.0/toolchain/bin/../lib/gcc/arm-none-eabi/4.8.4/../../../../arm-none-eabi/lib/armv7e-m/fpu/libg_s.a(lib_a-vfprintf_i.o)
 *fill*         0x00005cf7        0x1 
 .rodata.__sf_fake_stdin
                0x00005cf8       0x20 /opt/Freescale/KDS_3.0.0/toolchain/bin/../lib/gcc/arm-none-eabi/4.8.4/../../../../arm-none-eabi/lib/armv7e-m/fpu/libg_s.a(lib_a-findfp.o)
                0x00005cf8                __sf_fake_stdin
 .rodata.__sf_fake_stdout
                0x00005d18       0x20 /opt/Freescale/KDS_3.0.0/toolchain/bin/../lib/gcc/arm-none-eabi/4.8.4/../../../../arm-none-eabi/lib/armv7e-m/fpu/libg_s.a(lib_a-findfp.o)
                0x00005d18                __sf_fake_stdout
 .rodata.__sf_fake_stderr
                0x00005d38       0x20 /opt/Freescale/KDS_3.0.0/toolchain/bin/../lib/gcc/arm-none-eabi/4.8.4/../../../../arm-none-eabi/lib/armv7e-m/fpu/libg_s.a(lib_a-findfp.o)
                0x00005d38                __sf_fake_stderr
 *(.glue_7)
 .glue_7        0x00000000        0x0 linker stubs
 *(.glue_7t)
 .glue_7t       0x00000000        0x0 linker stubs
 *(.eh_frame)
 .eh_frame      0x00005d58        0x0 /opt/Freescale/KDS_3.0.0/toolchain/bin/../lib/gcc/arm-none-eabi/4.8.4/armv7e-m/fpu/crtbegin.o
 *(.init)
 .init          0x00005d58        0x4 /opt/Freescale/KDS_3.0.0/toolchain/bin/../lib/gcc/arm-none-eabi/4.8.4/armv7e-m/fpu/crti.o
                0x00005d58                _init
 .init          0x00005d5c        0x8 /opt/Freescale/KDS_3.0.0/toolchain/bin/../lib/gcc/arm-none-eabi/4.8.4/armv7e-m/fpu/crtn.o
 *(.fini)
 .fini          0x00005d64        0x4 /opt/Freescale/KDS_3.0.0/toolchain/bin/../lib/gcc/arm-none-eabi/4.8.4/armv7e-m/fpu/crti.o
                0x00005d64                _fini
 .fini          0x00005d68        0x8 /opt/Freescale/KDS_3.0.0/toolchain/bin/../lib/gcc/arm-none-eabi/4.8.4/armv7e-m/fpu/crtn.o
                0x00005d70                . = ALIGN (0x4)

.vfp11_veneer   0x00005d70        0x0
 .vfp11_veneer  0x00000000        0x0 linker stubs

.v4_bx          0x00005d70        0x0
 .v4_bx         0x00000000        0x0 linker stubs

.iplt           0x00005d70        0x0
 .iplt          0x00000000        0x0 /opt/Freescale/KDS_3.0.0/toolchain/bin/../lib/gcc/arm-none-eabi/4.8.4/armv7e-m/fpu/crtbegin.o

.ARM.extab
 *(.ARM.extab* .gnu.linkonce.armextab.*)

.ARM            0x00005d70        0x8
                0x00005d70                __exidx_start = .
 *(.ARM.exidx*)
 .ARM.exidx     0x00005d70        0x8 /opt/Freescale/KDS_3.0.0/toolchain/bin/../lib/gcc/arm-none-eabi/4.8.4/../../../../arm-none-eabi/lib/armv7e-m/fpu/crt0.o
                0x00005d78                __exidx_end = .

.rel.dyn        0x00005d78        0x0
 .rel.iplt      0x00000000        0x0 /opt/Freescale/KDS_3.0.0/toolchain/bin/../lib/gcc/arm-none-eabi/4.8.4/armv7e-m/fpu/crtbegin.o

.ctors          0x00005d78        0x0
                0x00005d78                __CTOR_LIST__ = .
 *crtbegin.o(.ctors)
 *crtbegin?.o(.ctors)
 *(EXCLUDE_FILE(*crtend.o *crtend?.o) .ctors)
 *(SORT(.ctors.*))
 *(.ctors)
                0x00005d78                __CTOR_END__ = .

.dtors          0x00005d78        0x0
                0x00005d78                __DTOR_LIST__ = .
 *crtbegin.o(.dtors)
 *crtbegin?.o(.dtors)
 *(EXCLUDE_FILE(*crtend.o *crtend?.o) .dtors)
 *(SORT(.dtors.*))
 *(.dtors)
                0x00005d78                __DTOR_END__ = .

.preinit_array  0x00005d78        0x0
                0x00005d78                PROVIDE (__preinit_array_start, .)
 *(.preinit_array*)
                0x00005d78                PROVIDE (__preinit_array_end, .)

.init_array     0x00005d78        0x4
                0x00005d78                PROVIDE (__init_array_start, .)
 *(SORT(.init_array.*))
 *(.init_array*)
 .init_array    0x00005d78        0x4 /opt/Freescale/KDS_3.0.0/toolchain/bin/../lib/gcc/arm-none-eabi/4.8.4/armv7e-m/fpu/crtbegin.o
                0x00005d7c                PROVIDE (__init_array_end, .)

.fini_array     0x00005d7c        0x4
                0x00005d7c                PROVIDE (__fini_array_start, .)
 *(SORT(.fini_array.*))
 *(.fini_array*)
 .fini_array    0x00005d7c        0x4 /opt/Freescale/KDS_3.0.0/toolchain/bin/../lib/gcc/arm-none-eabi/4.8.4/armv7e-m/fpu/crtbegin.o
                0x00005d80                PROVIDE (__fini_array_end, .)
                0x00005d80                __etext = .
                0x00005d80                __DATA_ROM = .

.interrupts_ram
                0x1fff0000      0x400
                0x1fff0000                . = ALIGN (0x4)
                0x1fff0000                __VECTOR_RAM__ = .
                0x1fff0000                __interrupts_ram_start__ = .
 *(.m_interrupts_ram)
                0x1fff0400                . = (. + M_VECTOR_RAM_SIZE)
 *fill*         0x1fff0000      0x400 
                0x1fff0400                . = ALIGN (0x4)
                0x1fff0400                __interrupts_ram_end__ = .
                0x00000000                __VECTOR_RAM = DEFINED (__ram_vector_table__)?__VECTOR_RAM__:ORIGIN (m_interrupts)
                0x00000000                __RAM_VECTOR_TABLE_SIZE_BYTES = DEFINED (__ram_vector_table__)?(__interrupts_ram_end__ - __interrupts_ram_start__):0x0

.data           0x1fff0400      0x2e8 load address 0x00005d80
                0x1fff0400                . = ALIGN (0x4)
                0x1fff0400                __DATA_RAM = .
                0x1fff0400                __data_start__ = .
 *(.data)
 *(.data*)
 .data.SystemCoreClock
                0x1fff0400        0x4 ./startup/system_MK64F12.o
                0x1fff0400                SystemCoreClock
 .data.g_process_times
                0x1fff0404        0x4 ./sources/keyboard.o
                0x1fff0404                g_process_times
 .data.hhkbInputPins
                0x1fff0408       0x24 ./sources/keyboard.o
                0x1fff0408                hhkbInputPins
 .data.qwertyMap
                0x1fff042c       0x40 ./sources/keyboard.o
                0x1fff042c                qwertyMap
 .data.lptmr0Config
                0x1fff046c        0x8 ./sources/keyboard.o
                0x1fff046c                lptmr0Config
 .data.hhkbOutputPins
                0x1fff0474       0x60 ./sources/keyboard.o
                0x1fff0474                hhkbOutputPins
 .data.g_ep     0x1fff04d4        0x8 ./sources/usb_descriptor.o
                0x1fff04d4                g_ep
 .data.g_string_desc_size
                0x1fff04dc        0x4 ./sources/usb_descriptor.o